mkdir -p failed for path /home/e89/e89/agne_r/.config/matplotlib: [Errno 13] Permission denied: '/home/e89'
mkdir -p failed for path /home/e89/e89/agne_r/.config/matplotlib: [Errno 13] Permission denied: '/home/e89'
mkdir -p failed for path /home/e89/e89/agne_r/.config/matplotlib: [Errno 13] Permission denied: '/home/e89'
mkdir -p failed for path /home/e89/e89/agne_r/.config/matplotlib: [Errno 13] Permission denied: '/home/e89'
Matplotlib created a temporary cache directory at /tmp/matplotlib-a5qe9pu5 because there was an issue with the default path (/home/e89/e89/agne_r/.config/matplotlib); it is highly recommended to set the MPLCONFIGDIR environment variable to a writable directory, in particular to speed up the import of Matplotlib and to better support multiprocessing.
Matplotlib created a temporary cache directory at /tmp/matplotlib-hx3ryrxc because there was an issue with the default path (/home/e89/e89/agne_r/.config/matplotlib); it is highly recommended to set the MPLCONFIGDIR environment variable to a writable directory, in particular to speed up the import of Matplotlib and to better support multiprocessing.
Matplotlib created a temporary cache directory at /tmp/matplotlib-ufvox8j8 because there was an issue with the default path (/home/e89/e89/agne_r/.config/matplotlib); it is highly recommended to set the MPLCONFIGDIR environment variable to a writable directory, in particular to speed up the import of Matplotlib and to better support multiprocessing.
Matplotlib created a temporary cache directory at /tmp/matplotlib-rx5acqir because there was an issue with the default path (/home/e89/e89/agne_r/.config/matplotlib); it is highly recommended to set the MPLCONFIGDIR environment variable to a writable directory, in particular to speed up the import of Matplotlib and to better support multiprocessing.
mkdir -p failed for path /home/e89/e89/agne_r/.config/matplotlib: [Errno 13] Permission denied: '/home/e89'
mkdir -p failed for path /home/e89/e89/agne_r/.config/matplotlib: [Errno 13] Permission denied: '/home/e89'
mkdir -p failed for path /home/e89/e89/agne_r/.config/matplotlib: [Errno 13] Permission denied: '/home/e89'
mkdir -p failed for path /home/e89/e89/agne_r/.config/matplotlib: [Errno 13] Permission denied: '/home/e89'
mkdir -p failed for path /home/e89/e89/agne_r/.config/matplotlib: [Errno 13] Permission denied: '/home/e89'
mkdir -p failed for path /home/e89/e89/agne_r/.config/matplotlib: [Errno 13] Permission denied: '/home/e89'
mkdir -p failed for path /home/e89/e89/agne_r/.config/matplotlib: [Errno 13] Permission denied: '/home/e89'
mkdir -p failed for path /home/e89/e89/agne_r/.config/matplotlib: [Errno 13] Permission denied: '/home/e89'
mkdir -p failed for path /home/e89/e89/agne_r/.config/matplotlib: [Errno 13] Permission denied: '/home/e89'
mkdir -p failed for path /home/e89/e89/agne_r/.config/matplotlib: [Errno 13] Permission denied: '/home/e89'
mkdir -p failed for path /home/e89/e89/agne_r/.config/matplotlib: [Errno 13] Permission denied: '/home/e89'
mkdir -p failed for path /home/e89/e89/agne_r/.config/matplotlib: [Errno 13] Permission denied: '/home/e89'
mkdir -p failed for path /home/e89/e89/agne_r/.config/matplotlib: [Errno 13] Permission denied: '/home/e89'
mkdir -p failed for path /home/e89/e89/agne_r/.config/matplotlib: [Errno 13] Permission denied: '/home/e89'
mkdir -p failed for path /home/e89/e89/agne_r/.config/matplotlib: [Errno 13] Permission denied: '/home/e89'
mkdir -p failed for path /home/e89/e89/agne_r/.config/matplotlib: [Errno 13] Permission denied: '/home/e89'
mkdir -p failed for path /home/e89/e89/agne_r/.config/matplotlib: [Errno 13] Permission denied: '/home/e89'
mkdir -p failed for path /home/e89/e89/agne_r/.config/matplotlib: [Errno 13] Permission denied: '/home/e89'
mkdir -p failed for path /home/e89/e89/agne_r/.config/matplotlib: [Errno 13] Permission denied: '/home/e89'
mkdir -p failed for path /home/e89/e89/agne_r/.config/matplotlib: [Errno 13] Permission denied: '/home/e89'
mkdir -p failed for path /home/e89/e89/agne_r/.config/matplotlib: [Errno 13] Permission denied: '/home/e89'
mkdir -p failed for path /home/e89/e89/agne_r/.config/matplotlib: [Errno 13] Permission denied: '/home/e89'
mkdir -p failed for path /home/e89/e89/agne_r/.config/matplotlib: [Errno 13] Permission denied: '/home/e89'
mkdir -p failed for path /home/e89/e89/agne_r/.config/matplotlib: [Errno 13] Permission denied: '/home/e89'
mkdir -p failed for path /home/e89/e89/agne_r/.config/matplotlib: [Errno 13] Permission denied: '/home/e89'
mkdir -p failed for path /home/e89/e89/agne_r/.config/matplotlib: [Errno 13] Permission denied: '/home/e89'
mkdir -p failed for path /home/e89/e89/agne_r/.config/matplotlib: [Errno 13] Permission denied: '/home/e89'
mkdir -p failed for path /home/e89/e89/agne_r/.config/matplotlib: [Errno 13] Permission denied: '/home/e89'
Matplotlib created a temporary cache directory at /tmp/matplotlib-ea7cw6qs because there was an issue with the default path (/home/e89/e89/agne_r/.config/matplotlib); it is highly recommended to set the MPLCONFIGDIR environment variable to a writable directory, in particular to speed up the import of Matplotlib and to better support multiprocessing.
mkdir -p failed for path /home/e89/e89/agne_r/.config/matplotlib: [Errno 13] Permission denied: '/home/e89'
mkdir -p failed for path /home/e89/e89/agne_r/.config/matplotlib: [Errno 13] Permission denied: '/home/e89'
mkdir -p failed for path /home/e89/e89/agne_r/.config/matplotlib: [Errno 13] Permission denied: '/home/e89'
mkdir -p failed for path /home/e89/e89/agne_r/.config/matplotlib: [Errno 13] Permission denied: '/home/e89'
mkdir -p failed for path /home/e89/e89/agne_r/.config/matplotlib: [Errno 13] Permission denied: '/home/e89'
mkdir -p failed for path /home/e89/e89/agne_r/.config/matplotlib: [Errno 13] Permission denied: '/home/e89'
mkdir -p failed for path /home/e89/e89/agne_r/.config/matplotlib: [Errno 13] Permission denied: '/home/e89'
mkdir -p failed for path /home/e89/e89/agne_r/.config/matplotlib: [Errno 13] Permission denied: '/home/e89'
mkdir -p failed for path /home/e89/e89/agne_r/.config/matplotlib: [Errno 13] Permission denied: '/home/e89'
mkdir -p failed for path /home/e89/e89/agne_r/.config/matplotlib: [Errno 13] Permission denied: '/home/e89'
mkdir -p failed for path /home/e89/e89/agne_r/.config/matplotlib: [Errno 13] Permission denied: '/home/e89'
mkdir -p failed for path /home/e89/e89/agne_r/.config/matplotlib: [Errno 13] Permission denied: '/home/e89'
mkdir -p failed for path /home/e89/e89/agne_r/.config/matplotlib: [Errno 13] Permission denied: '/home/e89'
mkdir -p failed for path /home/e89/e89/agne_r/.config/matplotlib: [Errno 13] Permission denied: '/home/e89'
mkdir -p failed for path /home/e89/e89/agne_r/.config/matplotlib: [Errno 13] Permission denied: '/home/e89'
mkdir -p failed for path /home/e89/e89/agne_r/.config/matplotlib: [Errno 13] Permission denied: '/home/e89'
mkdir -p failed for path /home/e89/e89/agne_r/.config/matplotlib: [Errno 13] Permission denied: '/home/e89'
mkdir -p failed for path /home/e89/e89/agne_r/.config/matplotlib: [Errno 13] Permission denied: '/home/e89'
mkdir -p failed for path /home/e89/e89/agne_r/.config/matplotlib: [Errno 13] Permission denied: '/home/e89'
mkdir -p failed for path /home/e89/e89/agne_r/.config/matplotlib: [Errno 13] Permission denied: '/home/e89'
mkdir -p failed for path /home/e89/e89/agne_r/.config/matplotlib: [Errno 13] Permission denied: '/home/e89'
mkdir -p failed for path /home/e89/e89/agne_r/.config/matplotlib: [Errno 13] Permission denied: '/home/e89'
mkdir -p failed for path /home/e89/e89/agne_r/.config/matplotlib: [Errno 13] Permission denied: '/home/e89'
mkdir -p failed for path /home/e89/e89/agne_r/.config/matplotlib: [Errno 13] Permission denied: '/home/e89'
mkdir -p failed for path /home/e89/e89/agne_r/.config/matplotlib: [Errno 13] Permission denied: '/home/e89'
mkdir -p failed for path /home/e89/e89/agne_r/.config/matplotlib: [Errno 13] Permission denied: '/home/e89'
mkdir -p failed for path /home/e89/e89/agne_r/.config/matplotlib: [Errno 13] Permission denied: '/home/e89'
mkdir -p failed for path /home/e89/e89/agne_r/.config/matplotlib: [Errno 13] Permission denied: '/home/e89'
mkdir -p failed for path /home/e89/e89/agne_r/.config/matplotlib: [Errno 13] Permission denied: '/home/e89'
mkdir -p failed for path /home/e89/e89/agne_r/.config/matplotlib: [Errno 13] Permission denied: '/home/e89'
mkdir -p failed for path /home/e89/e89/agne_r/.config/matplotlib: [Errno 13] Permission denied: '/home/e89'
mkdir -p failed for path /home/e89/e89/agne_r/.config/matplotlib: [Errno 13] Permission denied: '/home/e89'
mkdir -p failed for path /home/e89/e89/agne_r/.config/matplotlib: [Errno 13] Permission denied: '/home/e89'
mkdir -p failed for path /home/e89/e89/agne_r/.config/matplotlib: [Errno 13] Permission denied: '/home/e89'
mkdir -p failed for path /home/e89/e89/agne_r/.config/matplotlib: [Errno 13] Permission denied: '/home/e89'
mkdir -p failed for path /home/e89/e89/agne_r/.config/matplotlib: [Errno 13] Permission denied: '/home/e89'
mkdir -p failed for path /home/e89/e89/agne_r/.config/matplotlib: [Errno 13] Permission denied: '/home/e89'
mkdir -p failed for path /home/e89/e89/agne_r/.config/matplotlib: [Errno 13] Permission denied: '/home/e89'
mkdir -p failed for path /home/e89/e89/agne_r/.config/matplotlib: [Errno 13] Permission denied: '/home/e89'
mkdir -p failed for path /home/e89/e89/agne_r/.config/matplotlib: [Errno 13] Permission denied: '/home/e89'
mkdir -p failed for path /home/e89/e89/agne_r/.config/matplotlib: [Errno 13] Permission denied: '/home/e89'
mkdir -p failed for path /home/e89/e89/agne_r/.config/matplotlib: [Errno 13] Permission denied: '/home/e89'
mkdir -p failed for path /home/e89/e89/agne_r/.config/matplotlib: [Errno 13] Permission denied: '/home/e89'
mkdir -p failed for path /home/e89/e89/agne_r/.config/matplotlib: [Errno 13] Permission denied: '/home/e89'
mkdir -p failed for path /home/e89/e89/agne_r/.config/matplotlib: [Errno 13] Permission denied: '/home/e89'
mkdir -p failed for path /home/e89/e89/agne_r/.config/matplotlib: [Errno 13] Permission denied: '/home/e89'
mkdir -p failed for path /home/e89/e89/agne_r/.config/matplotlib: [Errno 13] Permission denied: '/home/e89'
mkdir -p failed for path /home/e89/e89/agne_r/.config/matplotlib: [Errno 13] Permission denied: '/home/e89'
mkdir -p failed for path /home/e89/e89/agne_r/.config/matplotlib: [Errno 13] Permission denied: '/home/e89'
mkdir -p failed for path /home/e89/e89/agne_r/.config/matplotlib: [Errno 13] Permission denied: '/home/e89'
mkdir -p failed for path /home/e89/e89/agne_r/.config/matplotlib: [Errno 13] Permission denied: '/home/e89'
mkdir -p failed for path /home/e89/e89/agne_r/.config/matplotlib: [Errno 13] Permission denied: '/home/e89'
mkdir -p failed for path /home/e89/e89/agne_r/.config/matplotlib: [Errno 13] Permission denied: '/home/e89'
mkdir -p failed for path /home/e89/e89/agne_r/.config/matplotlib: [Errno 13] Permission denied: '/home/e89'
mkdir -p failed for path /home/e89/e89/agne_r/.config/matplotlib: [Errno 13] Permission denied: '/home/e89'
mkdir -p failed for path /home/e89/e89/agne_r/.config/matplotlib: [Errno 13] Permission denied: '/home/e89'
mkdir -p failed for path /home/e89/e89/agne_r/.config/matplotlib: [Errno 13] Permission denied: '/home/e89'
mkdir -p failed for path /home/e89/e89/agne_r/.config/matplotlib: [Errno 13] Permission denied: '/home/e89'
mkdir -p failed for path /home/e89/e89/agne_r/.config/matplotlib: [Errno 13] Permission denied: '/home/e89'
mkdir -p failed for path /home/e89/e89/agne_r/.config/matplotlib: [Errno 13] Permission denied: '/home/e89'
mkdir -p failed for path /home/e89/e89/agne_r/.config/matplotlib: [Errno 13] Permission denied: '/home/e89'
mkdir -p failed for path /home/e89/e89/agne_r/.config/matplotlib: [Errno 13] Permission denied: '/home/e89'
mkdir -p failed for path /home/e89/e89/agne_r/.config/matplotlib: [Errno 13] Permission denied: '/home/e89'
mkdir -p failed for path /home/e89/e89/agne_r/.config/matplotlib: [Errno 13] Permission denied: '/home/e89'
mkdir -p failed for path /home/e89/e89/agne_r/.config/matplotlib: [Errno 13] Permission denied: '/home/e89'
mkdir -p failed for path /home/e89/e89/agne_r/.config/matplotlib: [Errno 13] Permission denied: '/home/e89'
mkdir -p failed for path /home/e89/e89/agne_r/.config/matplotlib: [Errno 13] Permission denied: '/home/e89'
mkdir -p failed for path /home/e89/e89/agne_r/.config/matplotlib: [Errno 13] Permission denied: '/home/e89'
mkdir -p failed for path /home/e89/e89/agne_r/.config/matplotlib: [Errno 13] Permission denied: '/home/e89'
mkdir -p failed for path /home/e89/e89/agne_r/.config/matplotlib: [Errno 13] Permission denied: '/home/e89'
mkdir -p failed for path /home/e89/e89/agne_r/.config/matplotlib: [Errno 13] Permission denied: '/home/e89'
mkdir -p failed for path /home/e89/e89/agne_r/.config/matplotlib: [Errno 13] Permission denied: '/home/e89'
mkdir -p failed for path /home/e89/e89/agne_r/.config/matplotlib: [Errno 13] Permission denied: '/home/e89'
mkdir -p failed for path /home/e89/e89/agne_r/.config/matplotlib: [Errno 13] Permission denied: '/home/e89'
mkdir -p failed for path /home/e89/e89/agne_r/.config/matplotlib: [Errno 13] Permission denied: '/home/e89'
mkdir -p failed for path /home/e89/e89/agne_r/.config/matplotlib: [Errno 13] Permission denied: '/home/e89'
mkdir -p failed for path /home/e89/e89/agne_r/.config/matplotlib: [Errno 13] Permission denied: '/home/e89'
mkdir -p failed for path /home/e89/e89/agne_r/.config/matplotlib: [Errno 13] Permission denied: '/home/e89'
mkdir -p failed for path /home/e89/e89/agne_r/.config/matplotlib: [Errno 13] Permission denied: '/home/e89'
mkdir -p failed for path /home/e89/e89/agne_r/.config/matplotlib: [Errno 13] Permission denied: '/home/e89'
mkdir -p failed for path /home/e89/e89/agne_r/.config/matplotlib: [Errno 13] Permission denied: '/home/e89'
mkdir -p failed for path /home/e89/e89/agne_r/.config/matplotlib: [Errno 13] Permission denied: '/home/e89'
mkdir -p failed for path /home/e89/e89/agne_r/.config/matplotlib: [Errno 13] Permission denied: '/home/e89'
mkdir -p failed for path /home/e89/e89/agne_r/.config/matplotlib: [Errno 13] Permission denied: '/home/e89'
mkdir -p failed for path /home/e89/e89/agne_r/.config/matplotlib: [Errno 13] Permission denied: '/home/e89'
mkdir -p failed for path /home/e89/e89/agne_r/.config/matplotlib: [Errno 13] Permission denied: '/home/e89'
mkdir -p failed for path /home/e89/e89/agne_r/.config/matplotlib: [Errno 13] Permission denied: '/home/e89'
mkdir -p failed for path /home/e89/e89/agne_r/.config/matplotlib: [Errno 13] Permission denied: '/home/e89'
mkdir -p failed for path /home/e89/e89/agne_r/.config/matplotlib: [Errno 13] Permission denied: '/home/e89'
mkdir -p failed for path /home/e89/e89/agne_r/.config/matplotlib: [Errno 13] Permission denied: '/home/e89'
mkdir -p failed for path /home/e89/e89/agne_r/.config/matplotlib: [Errno 13] Permission denied: '/home/e89'
mkdir -p failed for path /home/e89/e89/agne_r/.config/matplotlib: [Errno 13] Permission denied: '/home/e89'
mkdir -p failed for path /home/e89/e89/agne_r/.config/matplotlib: [Errno 13] Permission denied: '/home/e89'
mkdir -p failed for path /home/e89/e89/agne_r/.config/matplotlib: [Errno 13] Permission denied: '/home/e89'
mkdir -p failed for path /home/e89/e89/agne_r/.config/matplotlib: [Errno 13] Permission denied: '/home/e89'
mkdir -p failed for path /home/e89/e89/agne_r/.config/matplotlib: [Errno 13] Permission denied: '/home/e89'
Matplotlib created a temporary cache directory at /tmp/matplotlib-lcnyv24x because there was an issue with the default path (/home/e89/e89/agne_r/.config/matplotlib); it is highly recommended to set the MPLCONFIGDIR environment variable to a writable directory, in particular to speed up the import of Matplotlib and to better support multiprocessing.
Matplotlib created a temporary cache directory at /tmp/matplotlib-43pfk7k3 because there was an issue with the default path (/home/e89/e89/agne_r/.config/matplotlib); it is highly recommended to set the MPLCONFIGDIR environment variable to a writable directory, in particular to speed up the import of Matplotlib and to better support multiprocessing.
Matplotlib created a temporary cache directory at /tmp/matplotlib-jnh629sc because there was an issue with the default path (/home/e89/e89/agne_r/.config/matplotlib); it is highly recommended to set the MPLCONFIGDIR environment variable to a writable directory, in particular to speed up the import of Matplotlib and to better support multiprocessing.
Matplotlib created a temporary cache directory at /tmp/matplotlib-bxhqb05s because there was an issue with the default path (/home/e89/e89/agne_r/.config/matplotlib); it is highly recommended to set the MPLCONFIGDIR environment variable to a writable directory, in particular to speed up the import of Matplotlib and to better support multiprocessing.
Matplotlib created a temporary cache directory at /tmp/matplotlib-72lkg5qy because there was an issue with the default path (/home/e89/e89/agne_r/.config/matplotlib); it is highly recommended to set the MPLCONFIGDIR environment variable to a writable directory, in particular to speed up the import of Matplotlib and to better support multiprocessing.
Matplotlib created a temporary cache directory at /tmp/matplotlib-abw9uwl7 because there was an issue with the default path (/home/e89/e89/agne_r/.config/matplotlib); it is highly recommended to set the MPLCONFIGDIR environment variable to a writable directory, in particular to speed up the import of Matplotlib and to better support multiprocessing.
Matplotlib created a temporary cache directory at /tmp/matplotlib-ha_cmz6c because there was an issue with the default path (/home/e89/e89/agne_r/.config/matplotlib); it is highly recommended to set the MPLCONFIGDIR environment variable to a writable directory, in particular to speed up the import of Matplotlib and to better support multiprocessing.
Matplotlib created a temporary cache directory at /tmp/matplotlib-wf_zo4uc because there was an issue with the default path (/home/e89/e89/agne_r/.config/matplotlib); it is highly recommended to set the MPLCONFIGDIR environment variable to a writable directory, in particular to speed up the import of Matplotlib and to better support multiprocessing.
Matplotlib created a temporary cache directory at /tmp/matplotlib-rd1zm1hz because there was an issue with the default path (/home/e89/e89/agne_r/.config/matplotlib); it is highly recommended to set the MPLCONFIGDIR environment variable to a writable directory, in particular to speed up the import of Matplotlib and to better support multiprocessing.
Matplotlib created a temporary cache directory at /tmp/matplotlib-jib6b0mo because there was an issue with the default path (/home/e89/e89/agne_r/.config/matplotlib); it is highly recommended to set the MPLCONFIGDIR environment variable to a writable directory, in particular to speed up the import of Matplotlib and to better support multiprocessing.
Matplotlib created a temporary cache directory at /tmp/matplotlib-8is6p4tn because there was an issue with the default path (/home/e89/e89/agne_r/.config/matplotlib); it is highly recommended to set the MPLCONFIGDIR environment variable to a writable directory, in particular to speed up the import of Matplotlib and to better support multiprocessing.
Matplotlib created a temporary cache directory at /tmp/matplotlib-bvq633m_ because there was an issue with the default path (/home/e89/e89/agne_r/.config/matplotlib); it is highly recommended to set the MPLCONFIGDIR environment variable to a writable directory, in particular to speed up the import of Matplotlib and to better support multiprocessing.
Matplotlib created a temporary cache directory at /tmp/matplotlib-eymmqi9z because there was an issue with the default path (/home/e89/e89/agne_r/.config/matplotlib); it is highly recommended to set the MPLCONFIGDIR environment variable to a writable directory, in particular to speed up the import of Matplotlib and to better support multiprocessing.
Matplotlib created a temporary cache directory at /tmp/matplotlib-oqeg34wx because there was an issue with the default path (/home/e89/e89/agne_r/.config/matplotlib); it is highly recommended to set the MPLCONFIGDIR environment variable to a writable directory, in particular to speed up the import of Matplotlib and to better support multiprocessing.
Matplotlib created a temporary cache directory at /tmp/matplotlib-sikx5a3i because there was an issue with the default path (/home/e89/e89/agne_r/.config/matplotlib); it is highly recommended to set the MPLCONFIGDIR environment variable to a writable directory, in particular to speed up the import of Matplotlib and to better support multiprocessing.
Matplotlib created a temporary cache directory at /tmp/matplotlib-09u4sxhy because there was an issue with the default path (/home/e89/e89/agne_r/.config/matplotlib); it is highly recommended to set the MPLCONFIGDIR environment variable to a writable directory, in particular to speed up the import of Matplotlib and to better support multiprocessing.
Matplotlib created a temporary cache directory at /tmp/matplotlib-o8_ndpuw because there was an issue with the default path (/home/e89/e89/agne_r/.config/matplotlib); it is highly recommended to set the MPLCONFIGDIR environment variable to a writable directory, in particular to speed up the import of Matplotlib and to better support multiprocessing.
Matplotlib created a temporary cache directory at /tmp/matplotlib-0v257crz because there was an issue with the default path (/home/e89/e89/agne_r/.config/matplotlib); it is highly recommended to set the MPLCONFIGDIR environment variable to a writable directory, in particular to speed up the import of Matplotlib and to better support multiprocessing.
Matplotlib created a temporary cache directory at /tmp/matplotlib-yxsnolo2 because there was an issue with the default path (/home/e89/e89/agne_r/.config/matplotlib); it is highly recommended to set the MPLCONFIGDIR environment variable to a writable directory, in particular to speed up the import of Matplotlib and to better support multiprocessing.
Matplotlib created a temporary cache directory at /tmp/matplotlib-b9q1x8z5 because there was an issue with the default path (/home/e89/e89/agne_r/.config/matplotlib); it is highly recommended to set the MPLCONFIGDIR environment variable to a writable directory, in particular to speed up the import of Matplotlib and to better support multiprocessing.
Matplotlib created a temporary cache directory at /tmp/matplotlib-1h017vmy because there was an issue with the default path (/home/e89/e89/agne_r/.config/matplotlib); it is highly recommended to set the MPLCONFIGDIR environment variable to a writable directory, in particular to speed up the import of Matplotlib and to better support multiprocessing.
Matplotlib created a temporary cache directory at /tmp/matplotlib-2sf6olfa because there was an issue with the default path (/home/e89/e89/agne_r/.config/matplotlib); it is highly recommended to set the MPLCONFIGDIR environment variable to a writable directory, in particular to speed up the import of Matplotlib and to better support multiprocessing.
Matplotlib created a temporary cache directory at /tmp/matplotlib-9so4u83s because there was an issue with the default path (/home/e89/e89/agne_r/.config/matplotlib); it is highly recommended to set the MPLCONFIGDIR environment variable to a writable directory, in particular to speed up the import of Matplotlib and to better support multiprocessing.
Matplotlib created a temporary cache directory at /tmp/matplotlib-xf6vpp68 because there was an issue with the default path (/home/e89/e89/agne_r/.config/matplotlib); it is highly recommended to set the MPLCONFIGDIR environment variable to a writable directory, in particular to speed up the import of Matplotlib and to better support multiprocessing.
Matplotlib created a temporary cache directory at /tmp/matplotlib-g1yphnih because there was an issue with the default path (/home/e89/e89/agne_r/.config/matplotlib); it is highly recommended to set the MPLCONFIGDIR environment variable to a writable directory, in particular to speed up the import of Matplotlib and to better support multiprocessing.
Matplotlib created a temporary cache directory at /tmp/matplotlib-ggj9gtib because there was an issue with the default path (/home/e89/e89/agne_r/.config/matplotlib); it is highly recommended to set the MPLCONFIGDIR environment variable to a writable directory, in particular to speed up the import of Matplotlib and to better support multiprocessing.
Matplotlib created a temporary cache directory at /tmp/matplotlib-k7ufq6hz because there was an issue with the default path (/home/e89/e89/agne_r/.config/matplotlib); it is highly recommended to set the MPLCONFIGDIR environment variable to a writable directory, in particular to speed up the import of Matplotlib and to better support multiprocessing.
Matplotlib created a temporary cache directory at /tmp/matplotlib-yp2koi5z because there was an issue with the default path (/home/e89/e89/agne_r/.config/matplotlib); it is highly recommended to set the MPLCONFIGDIR environment variable to a writable directory, in particular to speed up the import of Matplotlib and to better support multiprocessing.
Matplotlib created a temporary cache directory at /tmp/matplotlib-3w0v9ogc because there was an issue with the default path (/home/e89/e89/agne_r/.config/matplotlib); it is highly recommended to set the MPLCONFIGDIR environment variable to a writable directory, in particular to speed up the import of Matplotlib and to better support multiprocessing.
Matplotlib created a temporary cache directory at /tmp/matplotlib-vhidna0u because there was an issue with the default path (/home/e89/e89/agne_r/.config/matplotlib); it is highly recommended to set the MPLCONFIGDIR environment variable to a writable directory, in particular to speed up the import of Matplotlib and to better support multiprocessing.
Matplotlib created a temporary cache directory at /tmp/matplotlib-casnf_ws because there was an issue with the default path (/home/e89/e89/agne_r/.config/matplotlib); it is highly recommended to set the MPLCONFIGDIR environment variable to a writable directory, in particular to speed up the import of Matplotlib and to better support multiprocessing.
Matplotlib created a temporary cache directory at /tmp/matplotlib-8d_fdiin because there was an issue with the default path (/home/e89/e89/agne_r/.config/matplotlib); it is highly recommended to set the MPLCONFIGDIR environment variable to a writable directory, in particular to speed up the import of Matplotlib and to better support multiprocessing.
Matplotlib created a temporary cache directory at /tmp/matplotlib-txjtrr7b because there was an issue with the default path (/home/e89/e89/agne_r/.config/matplotlib); it is highly recommended to set the MPLCONFIGDIR environment variable to a writable directory, in particular to speed up the import of Matplotlib and to better support multiprocessing.
Matplotlib created a temporary cache directory at /tmp/matplotlib-wr10rqee because there was an issue with the default path (/home/e89/e89/agne_r/.config/matplotlib); it is highly recommended to set the MPLCONFIGDIR environment variable to a writable directory, in particular to speed up the import of Matplotlib and to better support multiprocessing.
Matplotlib created a temporary cache directory at /tmp/matplotlib-69svi_zz because there was an issue with the default path (/home/e89/e89/agne_r/.config/matplotlib); it is highly recommended to set the MPLCONFIGDIR environment variable to a writable directory, in particular to speed up the import of Matplotlib and to better support multiprocessing.
Matplotlib created a temporary cache directory at /tmp/matplotlib-r7hzwf4d because there was an issue with the default path (/home/e89/e89/agne_r/.config/matplotlib); it is highly recommended to set the MPLCONFIGDIR environment variable to a writable directory, in particular to speed up the import of Matplotlib and to better support multiprocessing.
Matplotlib created a temporary cache directory at /tmp/matplotlib-cz2jaf4w because there was an issue with the default path (/home/e89/e89/agne_r/.config/matplotlib); it is highly recommended to set the MPLCONFIGDIR environment variable to a writable directory, in particular to speed up the import of Matplotlib and to better support multiprocessing.
Matplotlib created a temporary cache directory at /tmp/matplotlib-qkayrezt because there was an issue with the default path (/home/e89/e89/agne_r/.config/matplotlib); it is highly recommended to set the MPLCONFIGDIR environment variable to a writable directory, in particular to speed up the import of Matplotlib and to better support multiprocessing.
Matplotlib created a temporary cache directory at /tmp/matplotlib-1bh9pvu2 because there was an issue with the default path (/home/e89/e89/agne_r/.config/matplotlib); it is highly recommended to set the MPLCONFIGDIR environment variable to a writable directory, in particular to speed up the import of Matplotlib and to better support multiprocessing.
Matplotlib created a temporary cache directory at /tmp/matplotlib-n7zgbf9y because there was an issue with the default path (/home/e89/e89/agne_r/.config/matplotlib); it is highly recommended to set the MPLCONFIGDIR environment variable to a writable directory, in particular to speed up the import of Matplotlib and to better support multiprocessing.
Matplotlib created a temporary cache directory at /tmp/matplotlib-uje7xb44 because there was an issue with the default path (/home/e89/e89/agne_r/.config/matplotlib); it is highly recommended to set the MPLCONFIGDIR environment variable to a writable directory, in particular to speed up the import of Matplotlib and to better support multiprocessing.
Matplotlib created a temporary cache directory at /tmp/matplotlib-abpbvekm because there was an issue with the default path (/home/e89/e89/agne_r/.config/matplotlib); it is highly recommended to set the MPLCONFIGDIR environment variable to a writable directory, in particular to speed up the import of Matplotlib and to better support multiprocessing.
Matplotlib created a temporary cache directory at /tmp/matplotlib-5uhuzw68 because there was an issue with the default path (/home/e89/e89/agne_r/.config/matplotlib); it is highly recommended to set the MPLCONFIGDIR environment variable to a writable directory, in particular to speed up the import of Matplotlib and to better support multiprocessing.
Matplotlib created a temporary cache directory at /tmp/matplotlib-zpvahn43 because there was an issue with the default path (/home/e89/e89/agne_r/.config/matplotlib); it is highly recommended to set the MPLCONFIGDIR environment variable to a writable directory, in particular to speed up the import of Matplotlib and to better support multiprocessing.
Matplotlib created a temporary cache directory at /tmp/matplotlib-u6jpk1q9 because there was an issue with the default path (/home/e89/e89/agne_r/.config/matplotlib); it is highly recommended to set the MPLCONFIGDIR environment variable to a writable directory, in particular to speed up the import of Matplotlib and to better support multiprocessing.
Matplotlib created a temporary cache directory at /tmp/matplotlib-5i1dej9s because there was an issue with the default path (/home/e89/e89/agne_r/.config/matplotlib); it is highly recommended to set the MPLCONFIGDIR environment variable to a writable directory, in particular to speed up the import of Matplotlib and to better support multiprocessing.
Matplotlib created a temporary cache directory at /tmp/matplotlib-00fccoa0 because there was an issue with the default path (/home/e89/e89/agne_r/.config/matplotlib); it is highly recommended to set the MPLCONFIGDIR environment variable to a writable directory, in particular to speed up the import of Matplotlib and to better support multiprocessing.
Matplotlib created a temporary cache directory at /tmp/matplotlib-hs308l58 because there was an issue with the default path (/home/e89/e89/agne_r/.config/matplotlib); it is highly recommended to set the MPLCONFIGDIR environment variable to a writable directory, in particular to speed up the import of Matplotlib and to better support multiprocessing.
Matplotlib created a temporary cache directory at /tmp/matplotlib-qwiggqdf because there was an issue with the default path (/home/e89/e89/agne_r/.config/matplotlib); it is highly recommended to set the MPLCONFIGDIR environment variable to a writable directory, in particular to speed up the import of Matplotlib and to better support multiprocessing.
Matplotlib created a temporary cache directory at /tmp/matplotlib-2eybwnwp because there was an issue with the default path (/home/e89/e89/agne_r/.config/matplotlib); it is highly recommended to set the MPLCONFIGDIR environment variable to a writable directory, in particular to speed up the import of Matplotlib and to better support multiprocessing.
Matplotlib created a temporary cache directory at /tmp/matplotlib-3t_572fs because there was an issue with the default path (/home/e89/e89/agne_r/.config/matplotlib); it is highly recommended to set the MPLCONFIGDIR environment variable to a writable directory, in particular to speed up the import of Matplotlib and to better support multiprocessing.
Matplotlib created a temporary cache directory at /tmp/matplotlib-2zhk1zaf because there was an issue with the default path (/home/e89/e89/agne_r/.config/matplotlib); it is highly recommended to set the MPLCONFIGDIR environment variable to a writable directory, in particular to speed up the import of Matplotlib and to better support multiprocessing.
Matplotlib created a temporary cache directory at /tmp/matplotlib-e2m85ed0 because there was an issue with the default path (/home/e89/e89/agne_r/.config/matplotlib); it is highly recommended to set the MPLCONFIGDIR environment variable to a writable directory, in particular to speed up the import of Matplotlib and to better support multiprocessing.
Matplotlib created a temporary cache directory at /tmp/matplotlib-5n7kv2v5 because there was an issue with the default path (/home/e89/e89/agne_r/.config/matplotlib); it is highly recommended to set the MPLCONFIGDIR environment variable to a writable directory, in particular to speed up the import of Matplotlib and to better support multiprocessing.
Matplotlib created a temporary cache directory at /tmp/matplotlib-rq3ss4_z because there was an issue with the default path (/home/e89/e89/agne_r/.config/matplotlib); it is highly recommended to set the MPLCONFIGDIR environment variable to a writable directory, in particular to speed up the import of Matplotlib and to better support multiprocessing.
Matplotlib created a temporary cache directory at /tmp/matplotlib-5ha77krm because there was an issue with the default path (/home/e89/e89/agne_r/.config/matplotlib); it is highly recommended to set the MPLCONFIGDIR environment variable to a writable directory, in particular to speed up the import of Matplotlib and to better support multiprocessing.
Matplotlib created a temporary cache directory at /tmp/matplotlib-x13law37 because there was an issue with the default path (/home/e89/e89/agne_r/.config/matplotlib); it is highly recommended to set the MPLCONFIGDIR environment variable to a writable directory, in particular to speed up the import of Matplotlib and to better support multiprocessing.
Matplotlib created a temporary cache directory at /tmp/matplotlib-2vmesb3h because there was an issue with the default path (/home/e89/e89/agne_r/.config/matplotlib); it is highly recommended to set the MPLCONFIGDIR environment variable to a writable directory, in particular to speed up the import of Matplotlib and to better support multiprocessing.
Matplotlib created a temporary cache directory at /tmp/matplotlib-iqajbfwu because there was an issue with the default path (/home/e89/e89/agne_r/.config/matplotlib); it is highly recommended to set the MPLCONFIGDIR environment variable to a writable directory, in particular to speed up the import of Matplotlib and to better support multiprocessing.
Matplotlib created a temporary cache directory at /tmp/matplotlib-x2x3y2wf because there was an issue with the default path (/home/e89/e89/agne_r/.config/matplotlib); it is highly recommended to set the MPLCONFIGDIR environment variable to a writable directory, in particular to speed up the import of Matplotlib and to better support multiprocessing.
Matplotlib created a temporary cache directory at /tmp/matplotlib-as9uje1e because there was an issue with the default path (/home/e89/e89/agne_r/.config/matplotlib); it is highly recommended to set the MPLCONFIGDIR environment variable to a writable directory, in particular to speed up the import of Matplotlib and to better support multiprocessing.
Matplotlib created a temporary cache directory at /tmp/matplotlib-cglvo0pl because there was an issue with the default path (/home/e89/e89/agne_r/.config/matplotlib); it is highly recommended to set the MPLCONFIGDIR environment variable to a writable directory, in particular to speed up the import of Matplotlib and to better support multiprocessing.
Matplotlib created a temporary cache directory at /tmp/matplotlib-6vva5w1b because there was an issue with the default path (/home/e89/e89/agne_r/.config/matplotlib); it is highly recommended to set the MPLCONFIGDIR environment variable to a writable directory, in particular to speed up the import of Matplotlib and to better support multiprocessing.
Matplotlib created a temporary cache directory at /tmp/matplotlib-2w9njykw because there was an issue with the default path (/home/e89/e89/agne_r/.config/matplotlib); it is highly recommended to set the MPLCONFIGDIR environment variable to a writable directory, in particular to speed up the import of Matplotlib and to better support multiprocessing.
Matplotlib created a temporary cache directory at /tmp/matplotlib-x5rvzmmt because there was an issue with the default path (/home/e89/e89/agne_r/.config/matplotlib); it is highly recommended to set the MPLCONFIGDIR environment variable to a writable directory, in particular to speed up the import of Matplotlib and to better support multiprocessing.
Matplotlib created a temporary cache directory at /tmp/matplotlib-d05ss0go because there was an issue with the default path (/home/e89/e89/agne_r/.config/matplotlib); it is highly recommended to set the MPLCONFIGDIR environment variable to a writable directory, in particular to speed up the import of Matplotlib and to better support multiprocessing.
Matplotlib created a temporary cache directory at /tmp/matplotlib-178mocnd because there was an issue with the default path (/home/e89/e89/agne_r/.config/matplotlib); it is highly recommended to set the MPLCONFIGDIR environment variable to a writable directory, in particular to speed up the import of Matplotlib and to better support multiprocessing.
Matplotlib created a temporary cache directory at /tmp/matplotlib-hs28zw0j because there was an issue with the default path (/home/e89/e89/agne_r/.config/matplotlib); it is highly recommended to set the MPLCONFIGDIR environment variable to a writable directory, in particular to speed up the import of Matplotlib and to better support multiprocessing.
Matplotlib created a temporary cache directory at /tmp/matplotlib-6m_vdt8c because there was an issue with the default path (/home/e89/e89/agne_r/.config/matplotlib); it is highly recommended to set the MPLCONFIGDIR environment variable to a writable directory, in particular to speed up the import of Matplotlib and to better support multiprocessing.
Matplotlib created a temporary cache directory at /tmp/matplotlib-mzj2ujwz because there was an issue with the default path (/home/e89/e89/agne_r/.config/matplotlib); it is highly recommended to set the MPLCONFIGDIR environment variable to a writable directory, in particular to speed up the import of Matplotlib and to better support multiprocessing.
Matplotlib created a temporary cache directory at /tmp/matplotlib-827r5cqa because there was an issue with the default path (/home/e89/e89/agne_r/.config/matplotlib); it is highly recommended to set the MPLCONFIGDIR environment variable to a writable directory, in particular to speed up the import of Matplotlib and to better support multiprocessing.
Matplotlib created a temporary cache directory at /tmp/matplotlib-a82j1zm8 because there was an issue with the default path (/home/e89/e89/agne_r/.config/matplotlib); it is highly recommended to set the MPLCONFIGDIR environment variable to a writable directory, in particular to speed up the import of Matplotlib and to better support multiprocessing.
Matplotlib created a temporary cache directory at /tmp/matplotlib-_bfa7xsw because there was an issue with the default path (/home/e89/e89/agne_r/.config/matplotlib); it is highly recommended to set the MPLCONFIGDIR environment variable to a writable directory, in particular to speed up the import of Matplotlib and to better support multiprocessing.
Matplotlib created a temporary cache directory at /tmp/matplotlib-5uyw_1rz because there was an issue with the default path (/home/e89/e89/agne_r/.config/matplotlib); it is highly recommended to set the MPLCONFIGDIR environment variable to a writable directory, in particular to speed up the import of Matplotlib and to better support multiprocessing.
Matplotlib created a temporary cache directory at /tmp/matplotlib-1r9g6fou because there was an issue with the default path (/home/e89/e89/agne_r/.config/matplotlib); it is highly recommended to set the MPLCONFIGDIR environment variable to a writable directory, in particular to speed up the import of Matplotlib and to better support multiprocessing.
Matplotlib created a temporary cache directory at /tmp/matplotlib-n_pl4efw because there was an issue with the default path (/home/e89/e89/agne_r/.config/matplotlib); it is highly recommended to set the MPLCONFIGDIR environment variable to a writable directory, in particular to speed up the import of Matplotlib and to better support multiprocessing.
Matplotlib created a temporary cache directory at /tmp/matplotlib-qc5ga6df because there was an issue with the default path (/home/e89/e89/agne_r/.config/matplotlib); it is highly recommended to set the MPLCONFIGDIR environment variable to a writable directory, in particular to speed up the import of Matplotlib and to better support multiprocessing.
Matplotlib created a temporary cache directory at /tmp/matplotlib-ixon6z8o because there was an issue with the default path (/home/e89/e89/agne_r/.config/matplotlib); it is highly recommended to set the MPLCONFIGDIR environment variable to a writable directory, in particular to speed up the import of Matplotlib and to better support multiprocessing.
Matplotlib created a temporary cache directory at /tmp/matplotlib-nl_24dcd because there was an issue with the default path (/home/e89/e89/agne_r/.config/matplotlib); it is highly recommended to set the MPLCONFIGDIR environment variable to a writable directory, in particular to speed up the import of Matplotlib and to better support multiprocessing.
Matplotlib created a temporary cache directory at /tmp/matplotlib-daxsvgh8 because there was an issue with the default path (/home/e89/e89/agne_r/.config/matplotlib); it is highly recommended to set the MPLCONFIGDIR environment variable to a writable directory, in particular to speed up the import of Matplotlib and to better support multiprocessing.
Matplotlib created a temporary cache directory at /tmp/matplotlib-x8snmu77 because there was an issue with the default path (/home/e89/e89/agne_r/.config/matplotlib); it is highly recommended to set the MPLCONFIGDIR environment variable to a writable directory, in particular to speed up the import of Matplotlib and to better support multiprocessing.
Matplotlib created a temporary cache directory at /tmp/matplotlib-j8sdpje5 because there was an issue with the default path (/home/e89/e89/agne_r/.config/matplotlib); it is highly recommended to set the MPLCONFIGDIR environment variable to a writable directory, in particular to speed up the import of Matplotlib and to better support multiprocessing.
Matplotlib created a temporary cache directory at /tmp/matplotlib-mj4v2wil because there was an issue with the default path (/home/e89/e89/agne_r/.config/matplotlib); it is highly recommended to set the MPLCONFIGDIR environment variable to a writable directory, in particular to speed up the import of Matplotlib and to better support multiprocessing.
Matplotlib created a temporary cache directory at /tmp/matplotlib-p2q9kh7u because there was an issue with the default path (/home/e89/e89/agne_r/.config/matplotlib); it is highly recommended to set the MPLCONFIGDIR environment variable to a writable directory, in particular to speed up the import of Matplotlib and to better support multiprocessing.
Matplotlib created a temporary cache directory at /tmp/matplotlib-mxo5xm62 because there was an issue with the default path (/home/e89/e89/agne_r/.config/matplotlib); it is highly recommended to set the MPLCONFIGDIR environment variable to a writable directory, in particular to speed up the import of Matplotlib and to better support multiprocessing.
Matplotlib created a temporary cache directory at /tmp/matplotlib-bj710bnn because there was an issue with the default path (/home/e89/e89/agne_r/.config/matplotlib); it is highly recommended to set the MPLCONFIGDIR environment variable to a writable directory, in particular to speed up the import of Matplotlib and to better support multiprocessing.
Matplotlib created a temporary cache directory at /tmp/matplotlib-wl3nrdg5 because there was an issue with the default path (/home/e89/e89/agne_r/.config/matplotlib); it is highly recommended to set the MPLCONFIGDIR environment variable to a writable directory, in particular to speed up the import of Matplotlib and to better support multiprocessing.
Matplotlib created a temporary cache directory at /tmp/matplotlib-l6hjk9jj because there was an issue with the default path (/home/e89/e89/agne_r/.config/matplotlib); it is highly recommended to set the MPLCONFIGDIR environment variable to a writable directory, in particular to speed up the import of Matplotlib and to better support multiprocessing.
Matplotlib created a temporary cache directory at /tmp/matplotlib-1p016sxl because there was an issue with the default path (/home/e89/e89/agne_r/.config/matplotlib); it is highly recommended to set the MPLCONFIGDIR environment variable to a writable directory, in particular to speed up the import of Matplotlib and to better support multiprocessing.
Matplotlib created a temporary cache directory at /tmp/matplotlib-llnmvh4u because there was an issue with the default path (/home/e89/e89/agne_r/.config/matplotlib); it is highly recommended to set the MPLCONFIGDIR environment variable to a writable directory, in particular to speed up the import of Matplotlib and to better support multiprocessing.
Matplotlib created a temporary cache directory at /tmp/matplotlib-5v90nq4f because there was an issue with the default path (/home/e89/e89/agne_r/.config/matplotlib); it is highly recommended to set the MPLCONFIGDIR environment variable to a writable directory, in particular to speed up the import of Matplotlib and to better support multiprocessing.
Matplotlib created a temporary cache directory at /tmp/matplotlib-m9zgb5vt because there was an issue with the default path (/home/e89/e89/agne_r/.config/matplotlib); it is highly recommended to set the MPLCONFIGDIR environment variable to a writable directory, in particular to speed up the import of Matplotlib and to better support multiprocessing.
Matplotlib created a temporary cache directory at /tmp/matplotlib-5ty3ivmo because there was an issue with the default path (/home/e89/e89/agne_r/.config/matplotlib); it is highly recommended to set the MPLCONFIGDIR environment variable to a writable directory, in particular to speed up the import of Matplotlib and to better support multiprocessing.
Matplotlib created a temporary cache directory at /tmp/matplotlib-jvowvmve because there was an issue with the default path (/home/e89/e89/agne_r/.config/matplotlib); it is highly recommended to set the MPLCONFIGDIR environment variable to a writable directory, in particular to speed up the import of Matplotlib and to better support multiprocessing.
Matplotlib created a temporary cache directory at /tmp/matplotlib-jhunv0f1 because there was an issue with the default path (/home/e89/e89/agne_r/.config/matplotlib); it is highly recommended to set the MPLCONFIGDIR environment variable to a writable directory, in particular to speed up the import of Matplotlib and to better support multiprocessing.
Matplotlib created a temporary cache directory at /tmp/matplotlib-e9gu7g3s because there was an issue with the default path (/home/e89/e89/agne_r/.config/matplotlib); it is highly recommended to set the MPLCONFIGDIR environment variable to a writable directory, in particular to speed up the import of Matplotlib and to better support multiprocessing.
Matplotlib created a temporary cache directory at /tmp/matplotlib-610sdw87 because there was an issue with the default path (/home/e89/e89/agne_r/.config/matplotlib); it is highly recommended to set the MPLCONFIGDIR environment variable to a writable directory, in particular to speed up the import of Matplotlib and to better support multiprocessing.
Matplotlib created a temporary cache directory at /tmp/matplotlib-si822bgw because there was an issue with the default path (/home/e89/e89/agne_r/.config/matplotlib); it is highly recommended to set the MPLCONFIGDIR environment variable to a writable directory, in particular to speed up the import of Matplotlib and to better support multiprocessing.
Matplotlib created a temporary cache directory at /tmp/matplotlib-0ivpacrk because there was an issue with the default path (/home/e89/e89/agne_r/.config/matplotlib); it is highly recommended to set the MPLCONFIGDIR environment variable to a writable directory, in particular to speed up the import of Matplotlib and to better support multiprocessing.
Matplotlib created a temporary cache directory at /tmp/matplotlib-bpet4pw_ because there was an issue with the default path (/home/e89/e89/agne_r/.config/matplotlib); it is highly recommended to set the MPLCONFIGDIR environment variable to a writable directory, in particular to speed up the import of Matplotlib and to better support multiprocessing.
Matplotlib created a temporary cache directory at /tmp/matplotlib-45choz3t because there was an issue with the default path (/home/e89/e89/agne_r/.config/matplotlib); it is highly recommended to set the MPLCONFIGDIR environment variable to a writable directory, in particular to speed up the import of Matplotlib and to better support multiprocessing.
Matplotlib created a temporary cache directory at /tmp/matplotlib-s3df2yde because there was an issue with the default path (/home/e89/e89/agne_r/.config/matplotlib); it is highly recommended to set the MPLCONFIGDIR environment variable to a writable directory, in particular to speed up the import of Matplotlib and to better support multiprocessing.
Matplotlib created a temporary cache directory at /tmp/matplotlib-kuhyo8ka because there was an issue with the default path (/home/e89/e89/agne_r/.config/matplotlib); it is highly recommended to set the MPLCONFIGDIR environment variable to a writable directory, in particular to speed up the import of Matplotlib and to better support multiprocessing.
Matplotlib created a temporary cache directory at /tmp/matplotlib-pzwhunlv because there was an issue with the default path (/home/e89/e89/agne_r/.config/matplotlib); it is highly recommended to set the MPLCONFIGDIR environment variable to a writable directory, in particular to speed up the import of Matplotlib and to better support multiprocessing.
Matplotlib created a temporary cache directory at /tmp/matplotlib-_ptesjb4 because there was an issue with the default path (/home/e89/e89/agne_r/.config/matplotlib); it is highly recommended to set the MPLCONFIGDIR environment variable to a writable directory, in particular to speed up the import of Matplotlib and to better support multiprocessing.
Matplotlib created a temporary cache directory at /tmp/matplotlib-321lj_87 because there was an issue with the default path (/home/e89/e89/agne_r/.config/matplotlib); it is highly recommended to set the MPLCONFIGDIR environment variable to a writable directory, in particular to speed up the import of Matplotlib and to better support multiprocessing.
Matplotlib created a temporary cache directory at /tmp/matplotlib-ikla1biw because there was an issue with the default path (/home/e89/e89/agne_r/.config/matplotlib); it is highly recommended to set the MPLCONFIGDIR environment variable to a writable directory, in particular to speed up the import of Matplotlib and to better support multiprocessing.
Matplotlib created a temporary cache directory at /tmp/matplotlib-yncgrv40 because there was an issue with the default path (/home/e89/e89/agne_r/.config/matplotlib); it is highly recommended to set the MPLCONFIGDIR environment variable to a writable directory, in particular to speed up the import of Matplotlib and to better support multiprocessing.
Matplotlib created a temporary cache directory at /tmp/matplotlib-x3e_yss2 because there was an issue with the default path (/home/e89/e89/agne_r/.config/matplotlib); it is highly recommended to set the MPLCONFIGDIR environment variable to a writable directory, in particular to speed up the import of Matplotlib and to better support multiprocessing.
Matplotlib created a temporary cache directory at /tmp/matplotlib-c0od5yd4 because there was an issue with the default path (/home/e89/e89/agne_r/.config/matplotlib); it is highly recommended to set the MPLCONFIGDIR environment variable to a writable directory, in particular to speed up the import of Matplotlib and to better support multiprocessing.
Matplotlib created a temporary cache directory at /tmp/matplotlib-amt9nctk because there was an issue with the default path (/home/e89/e89/agne_r/.config/matplotlib); it is highly recommended to set the MPLCONFIGDIR environment variable to a writable directory, in particular to speed up the import of Matplotlib and to better support multiprocessing.
Matplotlib created a temporary cache directory at /tmp/matplotlib-eu3jfzso because there was an issue with the default path (/home/e89/e89/agne_r/.config/matplotlib); it is highly recommended to set the MPLCONFIGDIR environment variable to a writable directory, in particular to speed up the import of Matplotlib and to better support multiprocessing.
Matplotlib created a temporary cache directory at /tmp/matplotlib-nf0lz_zv because there was an issue with the default path (/home/e89/e89/agne_r/.config/matplotlib); it is highly recommended to set the MPLCONFIGDIR environment variable to a writable directory, in particular to speed up the import of Matplotlib and to better support multiprocessing.
Matplotlib created a temporary cache directory at /tmp/matplotlib-rrhzahd9 because there was an issue with the default path (/home/e89/e89/agne_r/.config/matplotlib); it is highly recommended to set the MPLCONFIGDIR environment variable to a writable directory, in particular to speed up the import of Matplotlib and to better support multiprocessing.
Matplotlib created a temporary cache directory at /tmp/matplotlib-6_pi44gh because there was an issue with the default path (/home/e89/e89/agne_r/.config/matplotlib); it is highly recommended to set the MPLCONFIGDIR environment variable to a writable directory, in particular to speed up the import of Matplotlib and to better support multiprocessing.
Matplotlib created a temporary cache directory at /tmp/matplotlib-5ikzj9u5 because there was an issue with the default path (/home/e89/e89/agne_r/.config/matplotlib); it is highly recommended to set the MPLCONFIGDIR environment variable to a writable directory, in particular to speed up the import of Matplotlib and to better support multiprocessing.
Matplotlib created a temporary cache directory at /tmp/matplotlib-64acitp5 because there was an issue with the default path (/home/e89/e89/agne_r/.config/matplotlib); it is highly recommended to set the MPLCONFIGDIR environment variable to a writable directory, in particular to speed up the import of Matplotlib and to better support multiprocessing.
Matplotlib created a temporary cache directory at /tmp/matplotlib-i3vtgyyk because there was an issue with the default path (/home/e89/e89/agne_r/.config/matplotlib); it is highly recommended to set the MPLCONFIGDIR environment variable to a writable directory, in particular to speed up the import of Matplotlib and to better support multiprocessing.
Matplotlib created a temporary cache directory at /tmp/matplotlib-ikdn3eh8 because there was an issue with the default path (/home/e89/e89/agne_r/.config/matplotlib); it is highly recommended to set the MPLCONFIGDIR environment variable to a writable directory, in particular to speed up the import of Matplotlib and to better support multiprocessing.
Matplotlib created a temporary cache directory at /tmp/matplotlib-0z_uqxo9 because there was an issue with the default path (/home/e89/e89/agne_r/.config/matplotlib); it is highly recommended to set the MPLCONFIGDIR environment variable to a writable directory, in particular to speed up the import of Matplotlib and to better support multiprocessing.
Matplotlib created a temporary cache directory at /tmp/matplotlib-2yure8gc because there was an issue with the default path (/home/e89/e89/agne_r/.config/matplotlib); it is highly recommended to set the MPLCONFIGDIR environment variable to a writable directory, in particular to speed up the import of Matplotlib and to better support multiprocessing.
Matplotlib created a temporary cache directory at /tmp/matplotlib-g0bhfgj6 because there was an issue with the default path (/home/e89/e89/agne_r/.config/matplotlib); it is highly recommended to set the MPLCONFIGDIR environment variable to a writable directory, in particular to speed up the import of Matplotlib and to better support multiprocessing.
Matplotlib created a temporary cache directory at /tmp/matplotlib-md4sp7u8 because there was an issue with the default path (/home/e89/e89/agne_r/.config/matplotlib); it is highly recommended to set the MPLCONFIGDIR environment variable to a writable directory, in particular to speed up the import of Matplotlib and to better support multiprocessing.
