mkdir -p failed for path /home/e89/e89/agne_r/.config/matplotlib: [Errno 13] Permission denied: '/home/e89'
mkdir -p failed for path /home/e89/e89/agne_r/.config/matplotlib: [Errno 13] Permission denied: '/home/e89'
mkdir -p failed for path /home/e89/e89/agne_r/.config/matplotlib: [Errno 13] Permission denied: '/home/e89'
mkdir -p failed for path /home/e89/e89/agne_r/.config/matplotlib: [Errno 13] Permission denied: '/home/e89'
mkdir -p failed for path /home/e89/e89/agne_r/.config/matplotlib: [Errno 13] Permission denied: '/home/e89'
mkdir -p failed for path /home/e89/e89/agne_r/.config/matplotlib: [Errno 13] Permission denied: '/home/e89'
mkdir -p failed for path /home/e89/e89/agne_r/.config/matplotlib: [Errno 13] Permission denied: '/home/e89'
mkdir -p failed for path /home/e89/e89/agne_r/.config/matplotlib: [Errno 13] Permission denied: '/home/e89'
mkdir -p failed for path /home/e89/e89/agne_r/.config/matplotlib: [Errno 13] Permission denied: '/home/e89'
mkdir -p failed for path /home/e89/e89/agne_r/.config/matplotlib: [Errno 13] Permission denied: '/home/e89'
mkdir -p failed for path /home/e89/e89/agne_r/.config/matplotlib: [Errno 13] Permission denied: '/home/e89'
mkdir -p failed for path /home/e89/e89/agne_r/.config/matplotlib: [Errno 13] Permission denied: '/home/e89'
Matplotlib created a temporary cache directory at /tmp/matplotlib-e29t1q66 because there was an issue with the default path (/home/e89/e89/agne_r/.config/matplotlib); it is highly recommended to set the MPLCONFIGDIR environment variable to a writable directory, in particular to speed up the import of Matplotlib and to better support multiprocessing.
mkdir -p failed for path /home/e89/e89/agne_r/.config/matplotlib: [Errno 13] Permission denied: '/home/e89'
Matplotlib created a temporary cache directory at /tmp/matplotlib-5mkl0cxp because there was an issue with the default path (/home/e89/e89/agne_r/.config/matplotlib); it is highly recommended to set the MPLCONFIGDIR environment variable to a writable directory, in particular to speed up the import of Matplotlib and to better support multiprocessing.
mkdir -p failed for path /home/e89/e89/agne_r/.config/matplotlib: [Errno 13] Permission denied: '/home/e89'
mkdir -p failed for path /home/e89/e89/agne_r/.config/matplotlib: [Errno 13] Permission denied: '/home/e89'
mkdir -p failed for path /home/e89/e89/agne_r/.config/matplotlib: [Errno 13] Permission denied: '/home/e89'
mkdir -p failed for path /home/e89/e89/agne_r/.config/matplotlib: [Errno 13] Permission denied: '/home/e89'
mkdir -p failed for path /home/e89/e89/agne_r/.config/matplotlib: [Errno 13] Permission denied: '/home/e89'
mkdir -p failed for path /home/e89/e89/agne_r/.config/matplotlib: [Errno 13] Permission denied: '/home/e89'
mkdir -p failed for path /home/e89/e89/agne_r/.config/matplotlib: [Errno 13] Permission denied: '/home/e89'
mkdir -p failed for path /home/e89/e89/agne_r/.config/matplotlib: [Errno 13] Permission denied: '/home/e89'
mkdir -p failed for path /home/e89/e89/agne_r/.config/matplotlib: [Errno 13] Permission denied: '/home/e89'
mkdir -p failed for path /home/e89/e89/agne_r/.config/matplotlib: [Errno 13] Permission denied: '/home/e89'
mkdir -p failed for path /home/e89/e89/agne_r/.config/matplotlib: [Errno 13] Permission denied: '/home/e89'
mkdir -p failed for path /home/e89/e89/agne_r/.config/matplotlib: [Errno 13] Permission denied: '/home/e89'
mkdir -p failed for path /home/e89/e89/agne_r/.config/matplotlib: [Errno 13] Permission denied: '/home/e89'
mkdir -p failed for path /home/e89/e89/agne_r/.config/matplotlib: [Errno 13] Permission denied: '/home/e89'
mkdir -p failed for path /home/e89/e89/agne_r/.config/matplotlib: [Errno 13] Permission denied: '/home/e89'
mkdir -p failed for path /home/e89/e89/agne_r/.config/matplotlib: [Errno 13] Permission denied: '/home/e89'
mkdir -p failed for path /home/e89/e89/agne_r/.config/matplotlib: [Errno 13] Permission denied: '/home/e89'
mkdir -p failed for path /home/e89/e89/agne_r/.config/matplotlib: [Errno 13] Permission denied: '/home/e89'
mkdir -p failed for path /home/e89/e89/agne_r/.config/matplotlib: [Errno 13] Permission denied: '/home/e89'
mkdir -p failed for path /home/e89/e89/agne_r/.config/matplotlib: [Errno 13] Permission denied: '/home/e89'
mkdir -p failed for path /home/e89/e89/agne_r/.config/matplotlib: [Errno 13] Permission denied: '/home/e89'
mkdir -p failed for path /home/e89/e89/agne_r/.config/matplotlib: [Errno 13] Permission denied: '/home/e89'
mkdir -p failed for path /home/e89/e89/agne_r/.config/matplotlib: [Errno 13] Permission denied: '/home/e89'
mkdir -p failed for path /home/e89/e89/agne_r/.config/matplotlib: [Errno 13] Permission denied: '/home/e89'
mkdir -p failed for path /home/e89/e89/agne_r/.config/matplotlib: [Errno 13] Permission denied: '/home/e89'
mkdir -p failed for path /home/e89/e89/agne_r/.config/matplotlib: [Errno 13] Permission denied: '/home/e89'
mkdir -p failed for path /home/e89/e89/agne_r/.config/matplotlib: [Errno 13] Permission denied: '/home/e89'
mkdir -p failed for path /home/e89/e89/agne_r/.config/matplotlib: [Errno 13] Permission denied: '/home/e89'
mkdir -p failed for path /home/e89/e89/agne_r/.config/matplotlib: [Errno 13] Permission denied: '/home/e89'
mkdir -p failed for path /home/e89/e89/agne_r/.config/matplotlib: [Errno 13] Permission denied: '/home/e89'
mkdir -p failed for path /home/e89/e89/agne_r/.config/matplotlib: [Errno 13] Permission denied: '/home/e89'
mkdir -p failed for path /home/e89/e89/agne_r/.config/matplotlib: [Errno 13] Permission denied: '/home/e89'
mkdir -p failed for path /home/e89/e89/agne_r/.config/matplotlib: [Errno 13] Permission denied: '/home/e89'
mkdir -p failed for path /home/e89/e89/agne_r/.config/matplotlib: [Errno 13] Permission denied: '/home/e89'
mkdir -p failed for path /home/e89/e89/agne_r/.config/matplotlib: [Errno 13] Permission denied: '/home/e89'
mkdir -p failed for path /home/e89/e89/agne_r/.config/matplotlib: [Errno 13] Permission denied: '/home/e89'
mkdir -p failed for path /home/e89/e89/agne_r/.config/matplotlib: [Errno 13] Permission denied: '/home/e89'
mkdir -p failed for path /home/e89/e89/agne_r/.config/matplotlib: [Errno 13] Permission denied: '/home/e89'
mkdir -p failed for path /home/e89/e89/agne_r/.config/matplotlib: [Errno 13] Permission denied: '/home/e89'
mkdir -p failed for path /home/e89/e89/agne_r/.config/matplotlib: [Errno 13] Permission denied: '/home/e89'
mkdir -p failed for path /home/e89/e89/agne_r/.config/matplotlib: [Errno 13] Permission denied: '/home/e89'
mkdir -p failed for path /home/e89/e89/agne_r/.config/matplotlib: [Errno 13] Permission denied: '/home/e89'
mkdir -p failed for path /home/e89/e89/agne_r/.config/matplotlib: [Errno 13] Permission denied: '/home/e89'
mkdir -p failed for path /home/e89/e89/agne_r/.config/matplotlib: [Errno 13] Permission denied: '/home/e89'
mkdir -p failed for path /home/e89/e89/agne_r/.config/matplotlib: [Errno 13] Permission denied: '/home/e89'
mkdir -p failed for path /home/e89/e89/agne_r/.config/matplotlib: [Errno 13] Permission denied: '/home/e89'
mkdir -p failed for path /home/e89/e89/agne_r/.config/matplotlib: [Errno 13] Permission denied: '/home/e89'
mkdir -p failed for path /home/e89/e89/agne_r/.config/matplotlib: [Errno 13] Permission denied: '/home/e89'
mkdir -p failed for path /home/e89/e89/agne_r/.config/matplotlib: [Errno 13] Permission denied: '/home/e89'
mkdir -p failed for path /home/e89/e89/agne_r/.config/matplotlib: [Errno 13] Permission denied: '/home/e89'
Matplotlib created a temporary cache directory at /tmp/matplotlib-r8uqskrp because there was an issue with the default path (/home/e89/e89/agne_r/.config/matplotlib); it is highly recommended to set the MPLCONFIGDIR environment variable to a writable directory, in particular to speed up the import of Matplotlib and to better support multiprocessing.
mkdir -p failed for path /home/e89/e89/agne_r/.config/matplotlib: [Errno 13] Permission denied: '/home/e89'
mkdir -p failed for path /home/e89/e89/agne_r/.config/matplotlib: [Errno 13] Permission denied: '/home/e89'
mkdir -p failed for path /home/e89/e89/agne_r/.config/matplotlib: [Errno 13] Permission denied: '/home/e89'
mkdir -p failed for path /home/e89/e89/agne_r/.config/matplotlib: [Errno 13] Permission denied: '/home/e89'
mkdir -p failed for path /home/e89/e89/agne_r/.config/matplotlib: [Errno 13] Permission denied: '/home/e89'
mkdir -p failed for path /home/e89/e89/agne_r/.config/matplotlib: [Errno 13] Permission denied: '/home/e89'
mkdir -p failed for path /home/e89/e89/agne_r/.config/matplotlib: [Errno 13] Permission denied: '/home/e89'
mkdir -p failed for path /home/e89/e89/agne_r/.config/matplotlib: [Errno 13] Permission denied: '/home/e89'
mkdir -p failed for path /home/e89/e89/agne_r/.config/matplotlib: [Errno 13] Permission denied: '/home/e89'
mkdir -p failed for path /home/e89/e89/agne_r/.config/matplotlib: [Errno 13] Permission denied: '/home/e89'
mkdir -p failed for path /home/e89/e89/agne_r/.config/matplotlib: [Errno 13] Permission denied: '/home/e89'
mkdir -p failed for path /home/e89/e89/agne_r/.config/matplotlib: [Errno 13] Permission denied: '/home/e89'
mkdir -p failed for path /home/e89/e89/agne_r/.config/matplotlib: [Errno 13] Permission denied: '/home/e89'
mkdir -p failed for path /home/e89/e89/agne_r/.config/matplotlib: [Errno 13] Permission denied: '/home/e89'
mkdir -p failed for path /home/e89/e89/agne_r/.config/matplotlib: [Errno 13] Permission denied: '/home/e89'
mkdir -p failed for path /home/e89/e89/agne_r/.config/matplotlib: [Errno 13] Permission denied: '/home/e89'
mkdir -p failed for path /home/e89/e89/agne_r/.config/matplotlib: [Errno 13] Permission denied: '/home/e89'
mkdir -p failed for path /home/e89/e89/agne_r/.config/matplotlib: [Errno 13] Permission denied: '/home/e89'
mkdir -p failed for path /home/e89/e89/agne_r/.config/matplotlib: [Errno 13] Permission denied: '/home/e89'
mkdir -p failed for path /home/e89/e89/agne_r/.config/matplotlib: [Errno 13] Permission denied: '/home/e89'
mkdir -p failed for path /home/e89/e89/agne_r/.config/matplotlib: [Errno 13] Permission denied: '/home/e89'
mkdir -p failed for path /home/e89/e89/agne_r/.config/matplotlib: [Errno 13] Permission denied: '/home/e89'
mkdir -p failed for path /home/e89/e89/agne_r/.config/matplotlib: [Errno 13] Permission denied: '/home/e89'
mkdir -p failed for path /home/e89/e89/agne_r/.config/matplotlib: [Errno 13] Permission denied: '/home/e89'
mkdir -p failed for path /home/e89/e89/agne_r/.config/matplotlib: [Errno 13] Permission denied: '/home/e89'
mkdir -p failed for path /home/e89/e89/agne_r/.config/matplotlib: [Errno 13] Permission denied: '/home/e89'
mkdir -p failed for path /home/e89/e89/agne_r/.config/matplotlib: [Errno 13] Permission denied: '/home/e89'
mkdir -p failed for path /home/e89/e89/agne_r/.config/matplotlib: [Errno 13] Permission denied: '/home/e89'
mkdir -p failed for path /home/e89/e89/agne_r/.config/matplotlib: [Errno 13] Permission denied: '/home/e89'
mkdir -p failed for path /home/e89/e89/agne_r/.config/matplotlib: [Errno 13] Permission denied: '/home/e89'
mkdir -p failed for path /home/e89/e89/agne_r/.config/matplotlib: [Errno 13] Permission denied: '/home/e89'
mkdir -p failed for path /home/e89/e89/agne_r/.config/matplotlib: [Errno 13] Permission denied: '/home/e89'
mkdir -p failed for path /home/e89/e89/agne_r/.config/matplotlib: [Errno 13] Permission denied: '/home/e89'
mkdir -p failed for path /home/e89/e89/agne_r/.config/matplotlib: [Errno 13] Permission denied: '/home/e89'
mkdir -p failed for path /home/e89/e89/agne_r/.config/matplotlib: [Errno 13] Permission denied: '/home/e89'
mkdir -p failed for path /home/e89/e89/agne_r/.config/matplotlib: [Errno 13] Permission denied: '/home/e89'
mkdir -p failed for path /home/e89/e89/agne_r/.config/matplotlib: [Errno 13] Permission denied: '/home/e89'
mkdir -p failed for path /home/e89/e89/agne_r/.config/matplotlib: [Errno 13] Permission denied: '/home/e89'
mkdir -p failed for path /home/e89/e89/agne_r/.config/matplotlib: [Errno 13] Permission denied: '/home/e89'
mkdir -p failed for path /home/e89/e89/agne_r/.config/matplotlib: [Errno 13] Permission denied: '/home/e89'
mkdir -p failed for path /home/e89/e89/agne_r/.config/matplotlib: [Errno 13] Permission denied: '/home/e89'
mkdir -p failed for path /home/e89/e89/agne_r/.config/matplotlib: [Errno 13] Permission denied: '/home/e89'
mkdir -p failed for path /home/e89/e89/agne_r/.config/matplotlib: [Errno 13] Permission denied: '/home/e89'
mkdir -p failed for path /home/e89/e89/agne_r/.config/matplotlib: [Errno 13] Permission denied: '/home/e89'
mkdir -p failed for path /home/e89/e89/agne_r/.config/matplotlib: [Errno 13] Permission denied: '/home/e89'
mkdir -p failed for path /home/e89/e89/agne_r/.config/matplotlib: [Errno 13] Permission denied: '/home/e89'
mkdir -p failed for path /home/e89/e89/agne_r/.config/matplotlib: [Errno 13] Permission denied: '/home/e89'
mkdir -p failed for path /home/e89/e89/agne_r/.config/matplotlib: [Errno 13] Permission denied: '/home/e89'
mkdir -p failed for path /home/e89/e89/agne_r/.config/matplotlib: [Errno 13] Permission denied: '/home/e89'
mkdir -p failed for path /home/e89/e89/agne_r/.config/matplotlib: [Errno 13] Permission denied: '/home/e89'
Matplotlib created a temporary cache directory at /tmp/matplotlib-v05dxtlu because there was an issue with the default path (/home/e89/e89/agne_r/.config/matplotlib); it is highly recommended to set the MPLCONFIGDIR environment variable to a writable directory, in particular to speed up the import of Matplotlib and to better support multiprocessing.
mkdir -p failed for path /home/e89/e89/agne_r/.config/matplotlib: [Errno 13] Permission denied: '/home/e89'
mkdir -p failed for path /home/e89/e89/agne_r/.config/matplotlib: [Errno 13] Permission denied: '/home/e89'
mkdir -p failed for path /home/e89/e89/agne_r/.config/matplotlib: [Errno 13] Permission denied: '/home/e89'
mkdir -p failed for path /home/e89/e89/agne_r/.config/matplotlib: [Errno 13] Permission denied: '/home/e89'
mkdir -p failed for path /home/e89/e89/agne_r/.config/matplotlib: [Errno 13] Permission denied: '/home/e89'
mkdir -p failed for path /home/e89/e89/agne_r/.config/matplotlib: [Errno 13] Permission denied: '/home/e89'
mkdir -p failed for path /home/e89/e89/agne_r/.config/matplotlib: [Errno 13] Permission denied: '/home/e89'
mkdir -p failed for path /home/e89/e89/agne_r/.config/matplotlib: [Errno 13] Permission denied: '/home/e89'
mkdir -p failed for path /home/e89/e89/agne_r/.config/matplotlib: [Errno 13] Permission denied: '/home/e89'
mkdir -p failed for path /home/e89/e89/agne_r/.config/matplotlib: [Errno 13] Permission denied: '/home/e89'
mkdir -p failed for path /home/e89/e89/agne_r/.config/matplotlib: [Errno 13] Permission denied: '/home/e89'
mkdir -p failed for path /home/e89/e89/agne_r/.config/matplotlib: [Errno 13] Permission denied: '/home/e89'
mkdir -p failed for path /home/e89/e89/agne_r/.config/matplotlib: [Errno 13] Permission denied: '/home/e89'
mkdir -p failed for path /home/e89/e89/agne_r/.config/matplotlib: [Errno 13] Permission denied: '/home/e89'
Matplotlib created a temporary cache directory at /tmp/matplotlib-7ude04ne because there was an issue with the default path (/home/e89/e89/agne_r/.config/matplotlib); it is highly recommended to set the MPLCONFIGDIR environment variable to a writable directory, in particular to speed up the import of Matplotlib and to better support multiprocessing.
Matplotlib created a temporary cache directory at /tmp/matplotlib-uyahuotx because there was an issue with the default path (/home/e89/e89/agne_r/.config/matplotlib); it is highly recommended to set the MPLCONFIGDIR environment variable to a writable directory, in particular to speed up the import of Matplotlib and to better support multiprocessing.
Matplotlib created a temporary cache directory at /tmp/matplotlib-h6r53mwv because there was an issue with the default path (/home/e89/e89/agne_r/.config/matplotlib); it is highly recommended to set the MPLCONFIGDIR environment variable to a writable directory, in particular to speed up the import of Matplotlib and to better support multiprocessing.
Matplotlib created a temporary cache directory at /tmp/matplotlib-ua9o6ita because there was an issue with the default path (/home/e89/e89/agne_r/.config/matplotlib); it is highly recommended to set the MPLCONFIGDIR environment variable to a writable directory, in particular to speed up the import of Matplotlib and to better support multiprocessing.
Matplotlib created a temporary cache directory at /tmp/matplotlib-5fg0atdx because there was an issue with the default path (/home/e89/e89/agne_r/.config/matplotlib); it is highly recommended to set the MPLCONFIGDIR environment variable to a writable directory, in particular to speed up the import of Matplotlib and to better support multiprocessing.
Matplotlib created a temporary cache directory at /tmp/matplotlib-gh9ll5f2 because there was an issue with the default path (/home/e89/e89/agne_r/.config/matplotlib); it is highly recommended to set the MPLCONFIGDIR environment variable to a writable directory, in particular to speed up the import of Matplotlib and to better support multiprocessing.
mkdir -p failed for path /home/e89/e89/agne_r/.config/matplotlib: [Errno 13] Permission denied: '/home/e89'
Matplotlib created a temporary cache directory at /tmp/matplotlib-1sj7haub because there was an issue with the default path (/home/e89/e89/agne_r/.config/matplotlib); it is highly recommended to set the MPLCONFIGDIR environment variable to a writable directory, in particular to speed up the import of Matplotlib and to better support multiprocessing.
Matplotlib created a temporary cache directory at /tmp/matplotlib-6atlgrg2 because there was an issue with the default path (/home/e89/e89/agne_r/.config/matplotlib); it is highly recommended to set the MPLCONFIGDIR environment variable to a writable directory, in particular to speed up the import of Matplotlib and to better support multiprocessing.
Matplotlib created a temporary cache directory at /tmp/matplotlib-j85scq9n because there was an issue with the default path (/home/e89/e89/agne_r/.config/matplotlib); it is highly recommended to set the MPLCONFIGDIR environment variable to a writable directory, in particular to speed up the import of Matplotlib and to better support multiprocessing.
Matplotlib created a temporary cache directory at /tmp/matplotlib-w8meihqs because there was an issue with the default path (/home/e89/e89/agne_r/.config/matplotlib); it is highly recommended to set the MPLCONFIGDIR environment variable to a writable directory, in particular to speed up the import of Matplotlib and to better support multiprocessing.
Matplotlib created a temporary cache directory at /tmp/matplotlib-kjwkovlv because there was an issue with the default path (/home/e89/e89/agne_r/.config/matplotlib); it is highly recommended to set the MPLCONFIGDIR environment variable to a writable directory, in particular to speed up the import of Matplotlib and to better support multiprocessing.
Matplotlib created a temporary cache directory at /tmp/matplotlib-ty3bb5rq because there was an issue with the default path (/home/e89/e89/agne_r/.config/matplotlib); it is highly recommended to set the MPLCONFIGDIR environment variable to a writable directory, in particular to speed up the import of Matplotlib and to better support multiprocessing.
Matplotlib created a temporary cache directory at /tmp/matplotlib-xdwpn8hy because there was an issue with the default path (/home/e89/e89/agne_r/.config/matplotlib); it is highly recommended to set the MPLCONFIGDIR environment variable to a writable directory, in particular to speed up the import of Matplotlib and to better support multiprocessing.
Matplotlib created a temporary cache directory at /tmp/matplotlib-jgvv1v96 because there was an issue with the default path (/home/e89/e89/agne_r/.config/matplotlib); it is highly recommended to set the MPLCONFIGDIR environment variable to a writable directory, in particular to speed up the import of Matplotlib and to better support multiprocessing.
Matplotlib created a temporary cache directory at /tmp/matplotlib-y5ws7tj8 because there was an issue with the default path (/home/e89/e89/agne_r/.config/matplotlib); it is highly recommended to set the MPLCONFIGDIR environment variable to a writable directory, in particular to speed up the import of Matplotlib and to better support multiprocessing.
Matplotlib created a temporary cache directory at /tmp/matplotlib-dhmgl7gi because there was an issue with the default path (/home/e89/e89/agne_r/.config/matplotlib); it is highly recommended to set the MPLCONFIGDIR environment variable to a writable directory, in particular to speed up the import of Matplotlib and to better support multiprocessing.
Matplotlib created a temporary cache directory at /tmp/matplotlib-flir70jn because there was an issue with the default path (/home/e89/e89/agne_r/.config/matplotlib); it is highly recommended to set the MPLCONFIGDIR environment variable to a writable directory, in particular to speed up the import of Matplotlib and to better support multiprocessing.
Matplotlib created a temporary cache directory at /tmp/matplotlib-4kf7hl6j because there was an issue with the default path (/home/e89/e89/agne_r/.config/matplotlib); it is highly recommended to set the MPLCONFIGDIR environment variable to a writable directory, in particular to speed up the import of Matplotlib and to better support multiprocessing.
Matplotlib created a temporary cache directory at /tmp/matplotlib-khlo3212 because there was an issue with the default path (/home/e89/e89/agne_r/.config/matplotlib); it is highly recommended to set the MPLCONFIGDIR environment variable to a writable directory, in particular to speed up the import of Matplotlib and to better support multiprocessing.
Matplotlib created a temporary cache directory at /tmp/matplotlib-w4txga3g because there was an issue with the default path (/home/e89/e89/agne_r/.config/matplotlib); it is highly recommended to set the MPLCONFIGDIR environment variable to a writable directory, in particular to speed up the import of Matplotlib and to better support multiprocessing.
Matplotlib created a temporary cache directory at /tmp/matplotlib-v18imr7n because there was an issue with the default path (/home/e89/e89/agne_r/.config/matplotlib); it is highly recommended to set the MPLCONFIGDIR environment variable to a writable directory, in particular to speed up the import of Matplotlib and to better support multiprocessing.
Matplotlib created a temporary cache directory at /tmp/matplotlib-82aa6u9x because there was an issue with the default path (/home/e89/e89/agne_r/.config/matplotlib); it is highly recommended to set the MPLCONFIGDIR environment variable to a writable directory, in particular to speed up the import of Matplotlib and to better support multiprocessing.
Matplotlib created a temporary cache directory at /tmp/matplotlib-1zh52sez because there was an issue with the default path (/home/e89/e89/agne_r/.config/matplotlib); it is highly recommended to set the MPLCONFIGDIR environment variable to a writable directory, in particular to speed up the import of Matplotlib and to better support multiprocessing.
Matplotlib created a temporary cache directory at /tmp/matplotlib-t9zg2cq1 because there was an issue with the default path (/home/e89/e89/agne_r/.config/matplotlib); it is highly recommended to set the MPLCONFIGDIR environment variable to a writable directory, in particular to speed up the import of Matplotlib and to better support multiprocessing.
Matplotlib created a temporary cache directory at /tmp/matplotlib-5q6ce7ju because there was an issue with the default path (/home/e89/e89/agne_r/.config/matplotlib); it is highly recommended to set the MPLCONFIGDIR environment variable to a writable directory, in particular to speed up the import of Matplotlib and to better support multiprocessing.
Matplotlib created a temporary cache directory at /tmp/matplotlib-hynhyke_ because there was an issue with the default path (/home/e89/e89/agne_r/.config/matplotlib); it is highly recommended to set the MPLCONFIGDIR environment variable to a writable directory, in particular to speed up the import of Matplotlib and to better support multiprocessing.
Matplotlib created a temporary cache directory at /tmp/matplotlib-f45cf882 because there was an issue with the default path (/home/e89/e89/agne_r/.config/matplotlib); it is highly recommended to set the MPLCONFIGDIR environment variable to a writable directory, in particular to speed up the import of Matplotlib and to better support multiprocessing.
Matplotlib created a temporary cache directory at /tmp/matplotlib-qhxzsd8z because there was an issue with the default path (/home/e89/e89/agne_r/.config/matplotlib); it is highly recommended to set the MPLCONFIGDIR environment variable to a writable directory, in particular to speed up the import of Matplotlib and to better support multiprocessing.
Matplotlib created a temporary cache directory at /tmp/matplotlib-a_26ttpr because there was an issue with the default path (/home/e89/e89/agne_r/.config/matplotlib); it is highly recommended to set the MPLCONFIGDIR environment variable to a writable directory, in particular to speed up the import of Matplotlib and to better support multiprocessing.
Matplotlib created a temporary cache directory at /tmp/matplotlib-48xt3c2h because there was an issue with the default path (/home/e89/e89/agne_r/.config/matplotlib); it is highly recommended to set the MPLCONFIGDIR environment variable to a writable directory, in particular to speed up the import of Matplotlib and to better support multiprocessing.
Matplotlib created a temporary cache directory at /tmp/matplotlib-dv7wyr_c because there was an issue with the default path (/home/e89/e89/agne_r/.config/matplotlib); it is highly recommended to set the MPLCONFIGDIR environment variable to a writable directory, in particular to speed up the import of Matplotlib and to better support multiprocessing.
Matplotlib created a temporary cache directory at /tmp/matplotlib-ve0_py2p because there was an issue with the default path (/home/e89/e89/agne_r/.config/matplotlib); it is highly recommended to set the MPLCONFIGDIR environment variable to a writable directory, in particular to speed up the import of Matplotlib and to better support multiprocessing.
Matplotlib created a temporary cache directory at /tmp/matplotlib-d1kdhuxs because there was an issue with the default path (/home/e89/e89/agne_r/.config/matplotlib); it is highly recommended to set the MPLCONFIGDIR environment variable to a writable directory, in particular to speed up the import of Matplotlib and to better support multiprocessing.
Matplotlib created a temporary cache directory at /tmp/matplotlib-b2artaup because there was an issue with the default path (/home/e89/e89/agne_r/.config/matplotlib); it is highly recommended to set the MPLCONFIGDIR environment variable to a writable directory, in particular to speed up the import of Matplotlib and to better support multiprocessing.
Matplotlib created a temporary cache directory at /tmp/matplotlib-f18tsjpz because there was an issue with the default path (/home/e89/e89/agne_r/.config/matplotlib); it is highly recommended to set the MPLCONFIGDIR environment variable to a writable directory, in particular to speed up the import of Matplotlib and to better support multiprocessing.
Matplotlib created a temporary cache directory at /tmp/matplotlib-3nasr4gs because there was an issue with the default path (/home/e89/e89/agne_r/.config/matplotlib); it is highly recommended to set the MPLCONFIGDIR environment variable to a writable directory, in particular to speed up the import of Matplotlib and to better support multiprocessing.
Matplotlib created a temporary cache directory at /tmp/matplotlib-t3ht2rut because there was an issue with the default path (/home/e89/e89/agne_r/.config/matplotlib); it is highly recommended to set the MPLCONFIGDIR environment variable to a writable directory, in particular to speed up the import of Matplotlib and to better support multiprocessing.
Matplotlib created a temporary cache directory at /tmp/matplotlib-bu1f0yov because there was an issue with the default path (/home/e89/e89/agne_r/.config/matplotlib); it is highly recommended to set the MPLCONFIGDIR environment variable to a writable directory, in particular to speed up the import of Matplotlib and to better support multiprocessing.
Matplotlib created a temporary cache directory at /tmp/matplotlib-6zg5yzz2 because there was an issue with the default path (/home/e89/e89/agne_r/.config/matplotlib); it is highly recommended to set the MPLCONFIGDIR environment variable to a writable directory, in particular to speed up the import of Matplotlib and to better support multiprocessing.
Matplotlib created a temporary cache directory at /tmp/matplotlib-8wgx9zry because there was an issue with the default path (/home/e89/e89/agne_r/.config/matplotlib); it is highly recommended to set the MPLCONFIGDIR environment variable to a writable directory, in particular to speed up the import of Matplotlib and to better support multiprocessing.
Matplotlib created a temporary cache directory at /tmp/matplotlib-j_5hdo10 because there was an issue with the default path (/home/e89/e89/agne_r/.config/matplotlib); it is highly recommended to set the MPLCONFIGDIR environment variable to a writable directory, in particular to speed up the import of Matplotlib and to better support multiprocessing.
Matplotlib created a temporary cache directory at /tmp/matplotlib-oei45lcl because there was an issue with the default path (/home/e89/e89/agne_r/.config/matplotlib); it is highly recommended to set the MPLCONFIGDIR environment variable to a writable directory, in particular to speed up the import of Matplotlib and to better support multiprocessing.
Matplotlib created a temporary cache directory at /tmp/matplotlib-xoh155kx because there was an issue with the default path (/home/e89/e89/agne_r/.config/matplotlib); it is highly recommended to set the MPLCONFIGDIR environment variable to a writable directory, in particular to speed up the import of Matplotlib and to better support multiprocessing.
Matplotlib created a temporary cache directory at /tmp/matplotlib-bix2k6j1 because there was an issue with the default path (/home/e89/e89/agne_r/.config/matplotlib); it is highly recommended to set the MPLCONFIGDIR environment variable to a writable directory, in particular to speed up the import of Matplotlib and to better support multiprocessing.
Matplotlib created a temporary cache directory at /tmp/matplotlib-5qcnrlgq because there was an issue with the default path (/home/e89/e89/agne_r/.config/matplotlib); it is highly recommended to set the MPLCONFIGDIR environment variable to a writable directory, in particular to speed up the import of Matplotlib and to better support multiprocessing.
Matplotlib created a temporary cache directory at /tmp/matplotlib-2djz6dm5 because there was an issue with the default path (/home/e89/e89/agne_r/.config/matplotlib); it is highly recommended to set the MPLCONFIGDIR environment variable to a writable directory, in particular to speed up the import of Matplotlib and to better support multiprocessing.
Matplotlib created a temporary cache directory at /tmp/matplotlib-mkqhiw5q because there was an issue with the default path (/home/e89/e89/agne_r/.config/matplotlib); it is highly recommended to set the MPLCONFIGDIR environment variable to a writable directory, in particular to speed up the import of Matplotlib and to better support multiprocessing.
Matplotlib created a temporary cache directory at /tmp/matplotlib-ezrb88zm because there was an issue with the default path (/home/e89/e89/agne_r/.config/matplotlib); it is highly recommended to set the MPLCONFIGDIR environment variable to a writable directory, in particular to speed up the import of Matplotlib and to better support multiprocessing.
Matplotlib created a temporary cache directory at /tmp/matplotlib-68rj4889 because there was an issue with the default path (/home/e89/e89/agne_r/.config/matplotlib); it is highly recommended to set the MPLCONFIGDIR environment variable to a writable directory, in particular to speed up the import of Matplotlib and to better support multiprocessing.
Matplotlib created a temporary cache directory at /tmp/matplotlib-0f95un0a because there was an issue with the default path (/home/e89/e89/agne_r/.config/matplotlib); it is highly recommended to set the MPLCONFIGDIR environment variable to a writable directory, in particular to speed up the import of Matplotlib and to better support multiprocessing.
Matplotlib created a temporary cache directory at /tmp/matplotlib-neri0j05 because there was an issue with the default path (/home/e89/e89/agne_r/.config/matplotlib); it is highly recommended to set the MPLCONFIGDIR environment variable to a writable directory, in particular to speed up the import of Matplotlib and to better support multiprocessing.
Matplotlib created a temporary cache directory at /tmp/matplotlib-l_lwbzs1 because there was an issue with the default path (/home/e89/e89/agne_r/.config/matplotlib); it is highly recommended to set the MPLCONFIGDIR environment variable to a writable directory, in particular to speed up the import of Matplotlib and to better support multiprocessing.
Matplotlib created a temporary cache directory at /tmp/matplotlib-qqfd5dxh because there was an issue with the default path (/home/e89/e89/agne_r/.config/matplotlib); it is highly recommended to set the MPLCONFIGDIR environment variable to a writable directory, in particular to speed up the import of Matplotlib and to better support multiprocessing.
Matplotlib created a temporary cache directory at /tmp/matplotlib-dmigddwv because there was an issue with the default path (/home/e89/e89/agne_r/.config/matplotlib); it is highly recommended to set the MPLCONFIGDIR environment variable to a writable directory, in particular to speed up the import of Matplotlib and to better support multiprocessing.
Matplotlib created a temporary cache directory at /tmp/matplotlib-izffe2kn because there was an issue with the default path (/home/e89/e89/agne_r/.config/matplotlib); it is highly recommended to set the MPLCONFIGDIR environment variable to a writable directory, in particular to speed up the import of Matplotlib and to better support multiprocessing.
Matplotlib created a temporary cache directory at /tmp/matplotlib-b0qwmvxx because there was an issue with the default path (/home/e89/e89/agne_r/.config/matplotlib); it is highly recommended to set the MPLCONFIGDIR environment variable to a writable directory, in particular to speed up the import of Matplotlib and to better support multiprocessing.
Matplotlib created a temporary cache directory at /tmp/matplotlib-9mibhr67 because there was an issue with the default path (/home/e89/e89/agne_r/.config/matplotlib); it is highly recommended to set the MPLCONFIGDIR environment variable to a writable directory, in particular to speed up the import of Matplotlib and to better support multiprocessing.
Matplotlib created a temporary cache directory at /tmp/matplotlib-5bnrmnxc because there was an issue with the default path (/home/e89/e89/agne_r/.config/matplotlib); it is highly recommended to set the MPLCONFIGDIR environment variable to a writable directory, in particular to speed up the import of Matplotlib and to better support multiprocessing.
Matplotlib created a temporary cache directory at /tmp/matplotlib-uoa9vpaq because there was an issue with the default path (/home/e89/e89/agne_r/.config/matplotlib); it is highly recommended to set the MPLCONFIGDIR environment variable to a writable directory, in particular to speed up the import of Matplotlib and to better support multiprocessing.
Matplotlib created a temporary cache directory at /tmp/matplotlib-z6ocvs3v because there was an issue with the default path (/home/e89/e89/agne_r/.config/matplotlib); it is highly recommended to set the MPLCONFIGDIR environment variable to a writable directory, in particular to speed up the import of Matplotlib and to better support multiprocessing.
Matplotlib created a temporary cache directory at /tmp/matplotlib-zgno_xng because there was an issue with the default path (/home/e89/e89/agne_r/.config/matplotlib); it is highly recommended to set the MPLCONFIGDIR environment variable to a writable directory, in particular to speed up the import of Matplotlib and to better support multiprocessing.
Matplotlib created a temporary cache directory at /tmp/matplotlib-seyu06_o because there was an issue with the default path (/home/e89/e89/agne_r/.config/matplotlib); it is highly recommended to set the MPLCONFIGDIR environment variable to a writable directory, in particular to speed up the import of Matplotlib and to better support multiprocessing.
Matplotlib created a temporary cache directory at /tmp/matplotlib-0bfu4qkj because there was an issue with the default path (/home/e89/e89/agne_r/.config/matplotlib); it is highly recommended to set the MPLCONFIGDIR environment variable to a writable directory, in particular to speed up the import of Matplotlib and to better support multiprocessing.
Matplotlib created a temporary cache directory at /tmp/matplotlib-9bhdyjvf because there was an issue with the default path (/home/e89/e89/agne_r/.config/matplotlib); it is highly recommended to set the MPLCONFIGDIR environment variable to a writable directory, in particular to speed up the import of Matplotlib and to better support multiprocessing.
Matplotlib created a temporary cache directory at /tmp/matplotlib-ih1ww8n5 because there was an issue with the default path (/home/e89/e89/agne_r/.config/matplotlib); it is highly recommended to set the MPLCONFIGDIR environment variable to a writable directory, in particular to speed up the import of Matplotlib and to better support multiprocessing.
Matplotlib created a temporary cache directory at /tmp/matplotlib-jlxdqltk because there was an issue with the default path (/home/e89/e89/agne_r/.config/matplotlib); it is highly recommended to set the MPLCONFIGDIR environment variable to a writable directory, in particular to speed up the import of Matplotlib and to better support multiprocessing.
Matplotlib created a temporary cache directory at /tmp/matplotlib-3oa6ik8x because there was an issue with the default path (/home/e89/e89/agne_r/.config/matplotlib); it is highly recommended to set the MPLCONFIGDIR environment variable to a writable directory, in particular to speed up the import of Matplotlib and to better support multiprocessing.
Matplotlib created a temporary cache directory at /tmp/matplotlib-mw4rh__d because there was an issue with the default path (/home/e89/e89/agne_r/.config/matplotlib); it is highly recommended to set the MPLCONFIGDIR environment variable to a writable directory, in particular to speed up the import of Matplotlib and to better support multiprocessing.
Matplotlib created a temporary cache directory at /tmp/matplotlib-gxjo2pi0 because there was an issue with the default path (/home/e89/e89/agne_r/.config/matplotlib); it is highly recommended to set the MPLCONFIGDIR environment variable to a writable directory, in particular to speed up the import of Matplotlib and to better support multiprocessing.
Matplotlib created a temporary cache directory at /tmp/matplotlib-r7ftr_vx because there was an issue with the default path (/home/e89/e89/agne_r/.config/matplotlib); it is highly recommended to set the MPLCONFIGDIR environment variable to a writable directory, in particular to speed up the import of Matplotlib and to better support multiprocessing.
Matplotlib created a temporary cache directory at /tmp/matplotlib-lubqyb2x because there was an issue with the default path (/home/e89/e89/agne_r/.config/matplotlib); it is highly recommended to set the MPLCONFIGDIR environment variable to a writable directory, in particular to speed up the import of Matplotlib and to better support multiprocessing.
Matplotlib created a temporary cache directory at /tmp/matplotlib-qecjyz_1 because there was an issue with the default path (/home/e89/e89/agne_r/.config/matplotlib); it is highly recommended to set the MPLCONFIGDIR environment variable to a writable directory, in particular to speed up the import of Matplotlib and to better support multiprocessing.
Matplotlib created a temporary cache directory at /tmp/matplotlib-uok81xlf because there was an issue with the default path (/home/e89/e89/agne_r/.config/matplotlib); it is highly recommended to set the MPLCONFIGDIR environment variable to a writable directory, in particular to speed up the import of Matplotlib and to better support multiprocessing.
Matplotlib created a temporary cache directory at /tmp/matplotlib-2fohzs2r because there was an issue with the default path (/home/e89/e89/agne_r/.config/matplotlib); it is highly recommended to set the MPLCONFIGDIR environment variable to a writable directory, in particular to speed up the import of Matplotlib and to better support multiprocessing.
Matplotlib created a temporary cache directory at /tmp/matplotlib-e8gzl8zf because there was an issue with the default path (/home/e89/e89/agne_r/.config/matplotlib); it is highly recommended to set the MPLCONFIGDIR environment variable to a writable directory, in particular to speed up the import of Matplotlib and to better support multiprocessing.
Matplotlib created a temporary cache directory at /tmp/matplotlib-_ca9ra9p because there was an issue with the default path (/home/e89/e89/agne_r/.config/matplotlib); it is highly recommended to set the MPLCONFIGDIR environment variable to a writable directory, in particular to speed up the import of Matplotlib and to better support multiprocessing.
Matplotlib created a temporary cache directory at /tmp/matplotlib-k68fbx2d because there was an issue with the default path (/home/e89/e89/agne_r/.config/matplotlib); it is highly recommended to set the MPLCONFIGDIR environment variable to a writable directory, in particular to speed up the import of Matplotlib and to better support multiprocessing.
Matplotlib created a temporary cache directory at /tmp/matplotlib-fezsp3sd because there was an issue with the default path (/home/e89/e89/agne_r/.config/matplotlib); it is highly recommended to set the MPLCONFIGDIR environment variable to a writable directory, in particular to speed up the import of Matplotlib and to better support multiprocessing.
Matplotlib created a temporary cache directory at /tmp/matplotlib-3vtfjjz2 because there was an issue with the default path (/home/e89/e89/agne_r/.config/matplotlib); it is highly recommended to set the MPLCONFIGDIR environment variable to a writable directory, in particular to speed up the import of Matplotlib and to better support multiprocessing.
Matplotlib created a temporary cache directory at /tmp/matplotlib-a4fo0quj because there was an issue with the default path (/home/e89/e89/agne_r/.config/matplotlib); it is highly recommended to set the MPLCONFIGDIR environment variable to a writable directory, in particular to speed up the import of Matplotlib and to better support multiprocessing.
Matplotlib created a temporary cache directory at /tmp/matplotlib-nbzsjai3 because there was an issue with the default path (/home/e89/e89/agne_r/.config/matplotlib); it is highly recommended to set the MPLCONFIGDIR environment variable to a writable directory, in particular to speed up the import of Matplotlib and to better support multiprocessing.
Matplotlib created a temporary cache directory at /tmp/matplotlib-7r7wyaxh because there was an issue with the default path (/home/e89/e89/agne_r/.config/matplotlib); it is highly recommended to set the MPLCONFIGDIR environment variable to a writable directory, in particular to speed up the import of Matplotlib and to better support multiprocessing.
Matplotlib created a temporary cache directory at /tmp/matplotlib-mzkgasw6 because there was an issue with the default path (/home/e89/e89/agne_r/.config/matplotlib); it is highly recommended to set the MPLCONFIGDIR environment variable to a writable directory, in particular to speed up the import of Matplotlib and to better support multiprocessing.
Matplotlib created a temporary cache directory at /tmp/matplotlib-zlirscph because there was an issue with the default path (/home/e89/e89/agne_r/.config/matplotlib); it is highly recommended to set the MPLCONFIGDIR environment variable to a writable directory, in particular to speed up the import of Matplotlib and to better support multiprocessing.
Matplotlib created a temporary cache directory at /tmp/matplotlib-8jeblt13 because there was an issue with the default path (/home/e89/e89/agne_r/.config/matplotlib); it is highly recommended to set the MPLCONFIGDIR environment variable to a writable directory, in particular to speed up the import of Matplotlib and to better support multiprocessing.
Matplotlib created a temporary cache directory at /tmp/matplotlib-kcz0qnbs because there was an issue with the default path (/home/e89/e89/agne_r/.config/matplotlib); it is highly recommended to set the MPLCONFIGDIR environment variable to a writable directory, in particular to speed up the import of Matplotlib and to better support multiprocessing.
Matplotlib created a temporary cache directory at /tmp/matplotlib-4bi8sfci because there was an issue with the default path (/home/e89/e89/agne_r/.config/matplotlib); it is highly recommended to set the MPLCONFIGDIR environment variable to a writable directory, in particular to speed up the import of Matplotlib and to better support multiprocessing.
Matplotlib created a temporary cache directory at /tmp/matplotlib-mvwcc9l7 because there was an issue with the default path (/home/e89/e89/agne_r/.config/matplotlib); it is highly recommended to set the MPLCONFIGDIR environment variable to a writable directory, in particular to speed up the import of Matplotlib and to better support multiprocessing.
Matplotlib created a temporary cache directory at /tmp/matplotlib-px6bx5rc because there was an issue with the default path (/home/e89/e89/agne_r/.config/matplotlib); it is highly recommended to set the MPLCONFIGDIR environment variable to a writable directory, in particular to speed up the import of Matplotlib and to better support multiprocessing.
Matplotlib created a temporary cache directory at /tmp/matplotlib-5ed9m3gf because there was an issue with the default path (/home/e89/e89/agne_r/.config/matplotlib); it is highly recommended to set the MPLCONFIGDIR environment variable to a writable directory, in particular to speed up the import of Matplotlib and to better support multiprocessing.
Matplotlib created a temporary cache directory at /tmp/matplotlib-eec1ale3 because there was an issue with the default path (/home/e89/e89/agne_r/.config/matplotlib); it is highly recommended to set the MPLCONFIGDIR environment variable to a writable directory, in particular to speed up the import of Matplotlib and to better support multiprocessing.
Matplotlib created a temporary cache directory at /tmp/matplotlib-0qdc4wvp because there was an issue with the default path (/home/e89/e89/agne_r/.config/matplotlib); it is highly recommended to set the MPLCONFIGDIR environment variable to a writable directory, in particular to speed up the import of Matplotlib and to better support multiprocessing.
Matplotlib created a temporary cache directory at /tmp/matplotlib-6w8qo7x_ because there was an issue with the default path (/home/e89/e89/agne_r/.config/matplotlib); it is highly recommended to set the MPLCONFIGDIR environment variable to a writable directory, in particular to speed up the import of Matplotlib and to better support multiprocessing.
Matplotlib created a temporary cache directory at /tmp/matplotlib-fmb2k5qh because there was an issue with the default path (/home/e89/e89/agne_r/.config/matplotlib); it is highly recommended to set the MPLCONFIGDIR environment variable to a writable directory, in particular to speed up the import of Matplotlib and to better support multiprocessing.
Matplotlib created a temporary cache directory at /tmp/matplotlib-8g8mao4k because there was an issue with the default path (/home/e89/e89/agne_r/.config/matplotlib); it is highly recommended to set the MPLCONFIGDIR environment variable to a writable directory, in particular to speed up the import of Matplotlib and to better support multiprocessing.
Matplotlib created a temporary cache directory at /tmp/matplotlib-0g5fagtv because there was an issue with the default path (/home/e89/e89/agne_r/.config/matplotlib); it is highly recommended to set the MPLCONFIGDIR environment variable to a writable directory, in particular to speed up the import of Matplotlib and to better support multiprocessing.
Matplotlib created a temporary cache directory at /tmp/matplotlib-tstur1zn because there was an issue with the default path (/home/e89/e89/agne_r/.config/matplotlib); it is highly recommended to set the MPLCONFIGDIR environment variable to a writable directory, in particular to speed up the import of Matplotlib and to better support multiprocessing.
Matplotlib created a temporary cache directory at /tmp/matplotlib-8_2h8qvs because there was an issue with the default path (/home/e89/e89/agne_r/.config/matplotlib); it is highly recommended to set the MPLCONFIGDIR environment variable to a writable directory, in particular to speed up the import of Matplotlib and to better support multiprocessing.
Matplotlib created a temporary cache directory at /tmp/matplotlib-rt2phbx2 because there was an issue with the default path (/home/e89/e89/agne_r/.config/matplotlib); it is highly recommended to set the MPLCONFIGDIR environment variable to a writable directory, in particular to speed up the import of Matplotlib and to better support multiprocessing.
Matplotlib created a temporary cache directory at /tmp/matplotlib-qq80p1y9 because there was an issue with the default path (/home/e89/e89/agne_r/.config/matplotlib); it is highly recommended to set the MPLCONFIGDIR environment variable to a writable directory, in particular to speed up the import of Matplotlib and to better support multiprocessing.
Matplotlib created a temporary cache directory at /tmp/matplotlib-_6xkss4g because there was an issue with the default path (/home/e89/e89/agne_r/.config/matplotlib); it is highly recommended to set the MPLCONFIGDIR environment variable to a writable directory, in particular to speed up the import of Matplotlib and to better support multiprocessing.
Matplotlib created a temporary cache directory at /tmp/matplotlib-2licyoyf because there was an issue with the default path (/home/e89/e89/agne_r/.config/matplotlib); it is highly recommended to set the MPLCONFIGDIR environment variable to a writable directory, in particular to speed up the import of Matplotlib and to better support multiprocessing.
Matplotlib created a temporary cache directory at /tmp/matplotlib-3xtnunbf because there was an issue with the default path (/home/e89/e89/agne_r/.config/matplotlib); it is highly recommended to set the MPLCONFIGDIR environment variable to a writable directory, in particular to speed up the import of Matplotlib and to better support multiprocessing.
Matplotlib created a temporary cache directory at /tmp/matplotlib-dli2ucgc because there was an issue with the default path (/home/e89/e89/agne_r/.config/matplotlib); it is highly recommended to set the MPLCONFIGDIR environment variable to a writable directory, in particular to speed up the import of Matplotlib and to better support multiprocessing.
Matplotlib created a temporary cache directory at /tmp/matplotlib-btgteiqc because there was an issue with the default path (/home/e89/e89/agne_r/.config/matplotlib); it is highly recommended to set the MPLCONFIGDIR environment variable to a writable directory, in particular to speed up the import of Matplotlib and to better support multiprocessing.
Matplotlib created a temporary cache directory at /tmp/matplotlib-rl3t24gv because there was an issue with the default path (/home/e89/e89/agne_r/.config/matplotlib); it is highly recommended to set the MPLCONFIGDIR environment variable to a writable directory, in particular to speed up the import of Matplotlib and to better support multiprocessing.
Matplotlib created a temporary cache directory at /tmp/matplotlib-5gu0lkjq because there was an issue with the default path (/home/e89/e89/agne_r/.config/matplotlib); it is highly recommended to set the MPLCONFIGDIR environment variable to a writable directory, in particular to speed up the import of Matplotlib and to better support multiprocessing.
Matplotlib created a temporary cache directory at /tmp/matplotlib-epy5f_6h because there was an issue with the default path (/home/e89/e89/agne_r/.config/matplotlib); it is highly recommended to set the MPLCONFIGDIR environment variable to a writable directory, in particular to speed up the import of Matplotlib and to better support multiprocessing.
Matplotlib created a temporary cache directory at /tmp/matplotlib-wtthpp2r because there was an issue with the default path (/home/e89/e89/agne_r/.config/matplotlib); it is highly recommended to set the MPLCONFIGDIR environment variable to a writable directory, in particular to speed up the import of Matplotlib and to better support multiprocessing.
Matplotlib created a temporary cache directory at /tmp/matplotlib-9sl830t3 because there was an issue with the default path (/home/e89/e89/agne_r/.config/matplotlib); it is highly recommended to set the MPLCONFIGDIR environment variable to a writable directory, in particular to speed up the import of Matplotlib and to better support multiprocessing.
Matplotlib created a temporary cache directory at /tmp/matplotlib-us5gh0vd because there was an issue with the default path (/home/e89/e89/agne_r/.config/matplotlib); it is highly recommended to set the MPLCONFIGDIR environment variable to a writable directory, in particular to speed up the import of Matplotlib and to better support multiprocessing.
Matplotlib created a temporary cache directory at /tmp/matplotlib-qw4t4sy6 because there was an issue with the default path (/home/e89/e89/agne_r/.config/matplotlib); it is highly recommended to set the MPLCONFIGDIR environment variable to a writable directory, in particular to speed up the import of Matplotlib and to better support multiprocessing.
Matplotlib created a temporary cache directory at /tmp/matplotlib-7na8_5ky because there was an issue with the default path (/home/e89/e89/agne_r/.config/matplotlib); it is highly recommended to set the MPLCONFIGDIR environment variable to a writable directory, in particular to speed up the import of Matplotlib and to better support multiprocessing.
Matplotlib created a temporary cache directory at /tmp/matplotlib-q4usjlf7 because there was an issue with the default path (/home/e89/e89/agne_r/.config/matplotlib); it is highly recommended to set the MPLCONFIGDIR environment variable to a writable directory, in particular to speed up the import of Matplotlib and to better support multiprocessing.
Matplotlib created a temporary cache directory at /tmp/matplotlib-oe6cka2b because there was an issue with the default path (/home/e89/e89/agne_r/.config/matplotlib); it is highly recommended to set the MPLCONFIGDIR environment variable to a writable directory, in particular to speed up the import of Matplotlib and to better support multiprocessing.
Matplotlib created a temporary cache directory at /tmp/matplotlib-mpfiqn17 because there was an issue with the default path (/home/e89/e89/agne_r/.config/matplotlib); it is highly recommended to set the MPLCONFIGDIR environment variable to a writable directory, in particular to speed up the import of Matplotlib and to better support multiprocessing.
Matplotlib created a temporary cache directory at /tmp/matplotlib-ujm104bk because there was an issue with the default path (/home/e89/e89/agne_r/.config/matplotlib); it is highly recommended to set the MPLCONFIGDIR environment variable to a writable directory, in particular to speed up the import of Matplotlib and to better support multiprocessing.
Matplotlib created a temporary cache directory at /tmp/matplotlib-sk5t8ieo because there was an issue with the default path (/home/e89/e89/agne_r/.config/matplotlib); it is highly recommended to set the MPLCONFIGDIR environment variable to a writable directory, in particular to speed up the import of Matplotlib and to better support multiprocessing.
Matplotlib created a temporary cache directory at /tmp/matplotlib-h2pe8v5p because there was an issue with the default path (/home/e89/e89/agne_r/.config/matplotlib); it is highly recommended to set the MPLCONFIGDIR environment variable to a writable directory, in particular to speed up the import of Matplotlib and to better support multiprocessing.
Matplotlib created a temporary cache directory at /tmp/matplotlib-8qmsaax6 because there was an issue with the default path (/home/e89/e89/agne_r/.config/matplotlib); it is highly recommended to set the MPLCONFIGDIR environment variable to a writable directory, in particular to speed up the import of Matplotlib and to better support multiprocessing.
Matplotlib created a temporary cache directory at /tmp/matplotlib-73dhs01m because there was an issue with the default path (/home/e89/e89/agne_r/.config/matplotlib); it is highly recommended to set the MPLCONFIGDIR environment variable to a writable directory, in particular to speed up the import of Matplotlib and to better support multiprocessing.
Matplotlib created a temporary cache directory at /tmp/matplotlib-qx1s_dfy because there was an issue with the default path (/home/e89/e89/agne_r/.config/matplotlib); it is highly recommended to set the MPLCONFIGDIR environment variable to a writable directory, in particular to speed up the import of Matplotlib and to better support multiprocessing.
Matplotlib created a temporary cache directory at /tmp/matplotlib-dwo4h8pf because there was an issue with the default path (/home/e89/e89/agne_r/.config/matplotlib); it is highly recommended to set the MPLCONFIGDIR environment variable to a writable directory, in particular to speed up the import of Matplotlib and to better support multiprocessing.
Matplotlib created a temporary cache directory at /tmp/matplotlib-m1p_9l03 because there was an issue with the default path (/home/e89/e89/agne_r/.config/matplotlib); it is highly recommended to set the MPLCONFIGDIR environment variable to a writable directory, in particular to speed up the import of Matplotlib and to better support multiprocessing.
